###############################################################################
#
# IAR ELF Linker V3.10.1.201 for STM8                     01/Oct/2018  15:08:32
# Copyright 2010-2017 IAR Systems AB.
#
#    Output file  =  
#        C:\Users\Vova\bars\dev\soft\stm8l_tests\Debug\Exe\tests.out
#    Map file     =  
#        C:\Users\Vova\bars\dev\soft\stm8l_tests\Debug\List\tests.map
#    Command line =  
#        -f C:\Users\Vova\AppData\Local\Temp\EW277B.tmp
#        (C:\Users\Vova\bars\dev\soft\stm8l_tests\Debug\Obj\board_flash.o
#        C:\Users\Vova\bars\dev\soft\stm8l_tests\Debug\Obj\delay.o
#        C:\Users\Vova\bars\dev\soft\stm8l_tests\Debug\Obj\main.o
#        C:\Users\Vova\bars\dev\soft\stm8l_tests\Debug\Obj\stm8l15x_adc.o
#        C:\Users\Vova\bars\dev\soft\stm8l_tests\Debug\Obj\stm8l15x_aes.o
#        C:\Users\Vova\bars\dev\soft\stm8l_tests\Debug\Obj\stm8l15x_beep.o
#        C:\Users\Vova\bars\dev\soft\stm8l_tests\Debug\Obj\stm8l15x_clk.o
#        C:\Users\Vova\bars\dev\soft\stm8l_tests\Debug\Obj\stm8l15x_comp.o
#        C:\Users\Vova\bars\dev\soft\stm8l_tests\Debug\Obj\stm8l15x_dac.o
#        C:\Users\Vova\bars\dev\soft\stm8l_tests\Debug\Obj\stm8l15x_dma.o
#        C:\Users\Vova\bars\dev\soft\stm8l_tests\Debug\Obj\stm8l15x_exti.o
#        C:\Users\Vova\bars\dev\soft\stm8l_tests\Debug\Obj\stm8l15x_flash.o
#        C:\Users\Vova\bars\dev\soft\stm8l_tests\Debug\Obj\stm8l15x_gpio.o
#        C:\Users\Vova\bars\dev\soft\stm8l_tests\Debug\Obj\stm8l15x_i2c.o
#        C:\Users\Vova\bars\dev\soft\stm8l_tests\Debug\Obj\stm8l15x_irtim.o
#        C:\Users\Vova\bars\dev\soft\stm8l_tests\Debug\Obj\stm8l15x_it.o
#        C:\Users\Vova\bars\dev\soft\stm8l_tests\Debug\Obj\stm8l15x_itc.o
#        C:\Users\Vova\bars\dev\soft\stm8l_tests\Debug\Obj\stm8l15x_iwdg.o
#        C:\Users\Vova\bars\dev\soft\stm8l_tests\Debug\Obj\stm8l15x_lcd.o
#        C:\Users\Vova\bars\dev\soft\stm8l_tests\Debug\Obj\stm8l15x_pwr.o
#        C:\Users\Vova\bars\dev\soft\stm8l_tests\Debug\Obj\stm8l15x_rst.o
#        C:\Users\Vova\bars\dev\soft\stm8l_tests\Debug\Obj\stm8l15x_rtc.o
#        C:\Users\Vova\bars\dev\soft\stm8l_tests\Debug\Obj\stm8l15x_spi.o
#        C:\Users\Vova\bars\dev\soft\stm8l_tests\Debug\Obj\stm8l15x_syscfg.o
#        C:\Users\Vova\bars\dev\soft\stm8l_tests\Debug\Obj\stm8l15x_tim1.o
#        C:\Users\Vova\bars\dev\soft\stm8l_tests\Debug\Obj\stm8l15x_tim2.o
#        C:\Users\Vova\bars\dev\soft\stm8l_tests\Debug\Obj\stm8l15x_tim3.o
#        C:\Users\Vova\bars\dev\soft\stm8l_tests\Debug\Obj\stm8l15x_tim4.o
#        C:\Users\Vova\bars\dev\soft\stm8l_tests\Debug\Obj\stm8l15x_tim5.o
#        C:\Users\Vova\bars\dev\soft\stm8l_tests\Debug\Obj\stm8l15x_usart.o
#        C:\Users\Vova\bars\dev\soft\stm8l_tests\Debug\Obj\stm8l15x_wfe.o
#        C:\Users\Vova\bars\dev\soft\stm8l_tests\Debug\Obj\stm8l15x_wwdg.o
#        C:\Users\Vova\bars\dev\soft\stm8l_tests\Debug\Obj\stm8l_discovery_lcd.o
#        C:\Users\Vova\bars\dev\soft\stm8l_tests\Debug\Obj\tests.o --redirect
#        _Printf=_PrintfFullNoMb --redirect _Scanf=_ScanfFullNoMb -o
#        C:\Users\Vova\bars\dev\soft\stm8l_tests\Debug\Exe\tests.out --map
#        C:\Users\Vova\bars\dev\soft\stm8l_tests\Debug\List\tests.map --config
#        "C:\Program Files (x86)\IAR Systems\Embedded Workbench
#        8.0\stm8\config\lnkstm8l152c6.icf" --config_def _CSTACK_SIZE=0x100
#        --config_def _HEAP_SIZE=0x100 --entry __iar_program_start --debug_lib)
#
###############################################################################

*******************************************************************************
*** RUNTIME MODEL ATTRIBUTES
***

__SystemLibrary            = DLib
__code_model               = small
__core                     = stm8
__data_model               = medium
__dlib_file_descriptor     = 0
__dlib_full_locale_support = 0
__rt_version               = 4


*******************************************************************************
*** PLACEMENT SUMMARY
***

"A0":  place at start of [0x000000-0x0000ff] { rw section .vregs };
"A1":  place at end of [0x000000-0x0007ff] { block CSTACK };
"P2":  place in [from 0x000000 to 0x0007ff] {
          block HEAP, rw section __DLIB_PERTHREAD, rw section .far.bss,
          rw section .far.data, rw section .far.noinit,
          rw section .far_func.textrw, rw section .huge.bss,
          rw section .huge.data, rw section .huge.noinit,
          rw section .huge_func.textrw, rw section .iar.dynexit,
          rw section .near.bss, rw section .near.data, rw section .near.noinit,
          rw section .near_func.textrw };
"A2":  place at start of [0x008000-0x00ffff] { block INTVEC };
"P3":  place in [from 0x008000 to 0x00ffff] {
          ro section __DLIB_PERTHREAD_init, ro section .far.data_init,
          ro section .far_func.textrw_init, ro section .huge.data_init,
          ro section .huge_func.textrw_init, ro section .iar.init_table,
          ro section .init_array, ro section .near.data_init,
          ro section .near.rodata, ro section .near_func.text,
          ro section .near_func.textrw_init, ro section .tiny.data_init,
          ro section .tiny.rodata_init };
"P4":  place in [from 0x008000 to 0x00ffff] {
          ro section .far.rodata, ro section .far_func.text };
"P5":  place in [from 0x008000 to 0x00ffff] {
          ro section .huge.rodata, ro section .huge_func.text };
do not initialize {
   rw section .eeprom.noinit, rw section .far.noinit, rw section .huge.noinit,
   rw section .near.noinit, rw section .tiny.noinit, rw section .vregs };
initialize by copy {
   rw section .far.bss, rw section .far.data, rw section .far_func.textrw,
   rw section .huge.bss, rw section .huge.data, rw section .huge_func.textrw,
   rw section .iar.dynexit, rw section .near.bss, rw section .near.data,
   rw section .near_func.textrw, rw section .tiny.bss, rw section .tiny.data,
   ro section .tiny.rodata };

  Section              Kind      Address    Size  Object
  -------              ----      -------    ----  ------
"A0":                                       0x10
  .vregs               uninit   0x000000    0x10  vregs.o [4]
                              - 0x000010    0x10

"P2", part 1 of 2:                          0xfa
  P2-1                          0x000010    0xfa  <Init block>
    .near_func.textrw  inited   0x000010    0xae  stm8l15x_flash.o [1]
    .near_func.textrw  inited   0x0000be    0x4c  stm8l15x_flash.o [1]
                              - 0x00010a    0xfa

"P2", part 2 of 2:                          0x85
  .near.bss            zero     0x00010a    0x80  tests.o [1]
  .near.bss            zero     0x00018a     0x2  stm8l_discovery_lcd.o [1]
  .near.bss            zero     0x00018c     0x1  stm8l15x_it.o [1]
  .near.bss            zero     0x00018d     0x1  stm8l_discovery_lcd.o [1]
  .near.bss            zero     0x00018e     0x1  tests.o [1]
                              - 0x00018f    0x85

"A1":                                      0x100
  CSTACK                        0x000700   0x100  <Block>
    CSTACK             uninit   0x000700   0x100  <Block tail>
                              - 0x000800   0x100

"A2":                                       0x80
  INTVEC                        0x008000    0x80  <Block>
    .intvec            const    0x008000    0x80  interrupt.o [4]
                              - 0x008080    0x80

"P3-P5":                                  0x1063
  .near_func.text      ro code  0x008080   0x3e8  stm8l_discovery_lcd.o [1]
  .near_func.text      ro code  0x008468   0x165  stm8l_discovery_lcd.o [1]
  .near_func.text      ro code  0x0085cd    0xfe  tests.o [1]
  Initializer bytes    const    0x0086cb    0xfa  <for P2-1>
  .near_func.text      ro code  0x0087c5    0xe1  stm8l_discovery_lcd.o [1]
  .near_func.text      ro code  0x0088a6    0xdf  vreg_util.o [4]
  .near_func.text      ro code  0x008985    0xbc  long.o [4]
  .near_func.text      ro code  0x008a41    0x8e  stm8l15x_gpio.o [1]
  .near_func.text      ro code  0x008acf    0x89  stm8l15x_clk.o [1]
  .near_func.text      ro code  0x008b58    0x87  stm8l15x_lcd.o [1]
  .near_func.text      ro code  0x008bdf    0x63  tests.o [1]
  .near_func.text      ro code  0x008c42    0x5c  tests.o [1]
  .near_func.text      ro code  0x008c9e    0x56  stm8l_discovery_lcd.o [1]
  .near_func.text      ro code  0x008cf4    0x4c  stm8l15x_it.o [1]
  .near_func.text      ro code  0x008d40    0x4a  delay.o [1]
  .near_func.text      ro code  0x008d8a    0x3e  short.o [4]
  .near_func.text      ro code  0x008dc8    0x38  long_util.o [4]
  .near.rodata         const    0x008e00    0x34  stm8l_discovery_lcd.o [1]
  .near_func.text      ro code  0x008e34    0x28  init_small.o [4]
  .near_func.text      ro code  0x008e5c    0x27  stm8l_discovery_lcd.o [1]
  .near_func.text      ro code  0x008e83    0x21  stm8l15x_exti.o [1]
  .near_func.text      ro code  0x008ea4    0x21  tests.o [1]
  .iar.init_table      const    0x008ec5    0x12  - Linker created -
  .near.rodata         const    0x008ed7    0x1e  tests.o [1]
  .near_func.text      ro code  0x008ef5    0x1e  init_small.o [4]
  .near_func.text      ro code  0x008f13    0x19  stm8l15x_flash.o [1]
  .near_func.text      ro code  0x008f2c    0x18  stm8l15x_flash.o [1]
  .near_func.text      ro code  0x008f44    0x17  main.o [1]
  .near.rodata         const    0x008f5b    0x16  tests.o [1]
  .near.rodata         const    0x008f71    0x14  stm8l_discovery_lcd.o [1]
  .near_func.text      ro code  0x008f85    0x14  init.o [4]
  .near_func.text      ro code  0x008f99    0x14  __dbg_xxexit.o [3]
  .near_func.text      ro code  0x008fad    0x13  stm8l15x_lcd.o [1]
  .near_func.text      ro code  0x008fc0    0x13  stm8l15x_lcd.o [1]
  .near_func.text      ro code  0x008fd3    0x13  stm8l15x_lcd.o [1]
  .near_func.text      ro code  0x008fe6    0x13  cstartup.o [4]
  .near_func.text      ro code  0x008ff9    0x12  stm8l15x_gpio.o [1]
  .near.rodata         const    0x00900b    0x11  tests.o [1]
  .near.rodata         const    0x00901c    0x10  tests.o [1]
  .near_func.text      ro code  0x00902c     0xf  stm8l15x_flash.o [1]
  .near.rodata         const    0x00903b     0xd  tests.o [1]
  .near_func.text      ro code  0x009048     0xd  stm8l15x_lcd.o [1]
  .near_func.text      ro code  0x009055     0xd  move.o [4]
  .near_func.text      ro code  0x009062     0xc  stm8l15x_lcd.o [1]
  .near.rodata         const    0x00906e     0xb  tests.o [1]
  .near_func.text      ro code  0x009079     0xb  dc_util.o [4]
  .near.rodata         const    0x009084     0xa  tests.o [1]
  .near_func.text      ro code  0x00908e     0xa  stm8l15x_clk.o [1]
  .near.rodata         const    0x009098     0x7  stm8l_discovery_lcd.o [1]
  .near.rodata         const    0x00909f     0x7  tests.o [1]
  .near_func.text      ro code  0x0090a6     0x6  char.o [4]
  .near_func.text      ro code  0x0090ac     0x5  cexit.o [4]
  .near_func.text      ro code  0x0090b1     0x4  stm8l15x_clk.o [1]
  .near_func.text      ro code  0x0090b5     0x4  stm8l15x_flash.o [1]
  .near_func.text      ro code  0x0090b9     0x3  interrupt.o [4]
  .near_func.text      ro code  0x0090bc     0x3  low_level_init.o [4]
  .near_func.text      ro code  0x0090bf     0x3  exit.o [4]
  .near_func.text      ro code  0x0090c2     0x3  unhandled_exception.o [4]
  .near_func.text      ro code  0x0090c5     0x1  stm8l15x_it.o [1]
  .near_func.text      ro code  0x0090c6     0x1  stm8l15x_it.o [1]
  .near_func.text      ro code  0x0090c7     0x1  stm8l15x_it.o [1]
  .near_func.text      ro code  0x0090c8     0x1  stm8l15x_it.o [1]
  .near_func.text      ro code  0x0090c9     0x1  stm8l15x_it.o [1]
  .near_func.text      ro code  0x0090ca     0x1  stm8l15x_it.o [1]
  .near_func.text      ro code  0x0090cb     0x1  stm8l15x_it.o [1]
  .near_func.text      ro code  0x0090cc     0x1  stm8l15x_it.o [1]
  .near_func.text      ro code  0x0090cd     0x1  stm8l15x_it.o [1]
  .near_func.text      ro code  0x0090ce     0x1  stm8l15x_it.o [1]
  .near_func.text      ro code  0x0090cf     0x1  stm8l15x_it.o [1]
  .near_func.text      ro code  0x0090d0     0x1  stm8l15x_it.o [1]
  .near_func.text      ro code  0x0090d1     0x1  stm8l15x_it.o [1]
  .near_func.text      ro code  0x0090d2     0x1  stm8l15x_it.o [1]
  .near_func.text      ro code  0x0090d3     0x1  stm8l15x_it.o [1]
  .near_func.text      ro code  0x0090d4     0x1  stm8l15x_it.o [1]
  .near_func.text      ro code  0x0090d5     0x1  stm8l15x_it.o [1]
  .near_func.text      ro code  0x0090d6     0x1  stm8l15x_it.o [1]
  .near_func.text      ro code  0x0090d7     0x1  stm8l15x_it.o [1]
  .near_func.text      ro code  0x0090d8     0x1  stm8l15x_it.o [1]
  .near_func.text      ro code  0x0090d9     0x1  stm8l15x_it.o [1]
  .near_func.text      ro code  0x0090da     0x1  stm8l15x_it.o [1]
  .near_func.text      ro code  0x0090db     0x1  stm8l15x_it.o [1]
  .near_func.text      ro code  0x0090dc     0x1  stm8l15x_it.o [1]
  .near_func.text      ro code  0x0090dd     0x1  stm8l15x_it.o [1]
  .near_func.text      ro code  0x0090de     0x1  stm8l15x_it.o [1]
  .near_func.text      ro code  0x0090df     0x1  stm8l15x_it.o [1]
  .near_func.text      ro code  0x0090e0     0x1  stm8l15x_it.o [1]
  .near_func.text      ro code  0x0090e1     0x1  stm8l15x_it.o [1]
  .near_func.text      ro code  0x0090e2     0x1  __dbg_break.o [3]
                              - 0x0090e3  0x1063


*******************************************************************************
*** INIT TABLE
***

          Address   Size
          -------   ----
Zero (__iar_zero_init2)
    1 destination range, total size 0x85:
          0x00010a  0x85

Copy (__iar_copy_init2)
    1 source range, total size 0xfa:
          0x0086cb  0xfa
    1 destination range, total size 0xfa:
          0x000010  0xfa



*******************************************************************************
*** MODULE SUMMARY
***

    Module                 ro code  rw code  ro data  rw data
    ------                 -------  -------  -------  -------
C:\Users\Vova\bars\dev\soft\stm8l_tests\Debug\Obj: [1]
    delay.o                     74
    main.o                      23
    stm8l15x_clk.o             151
    stm8l15x_exti.o             33
    stm8l15x_flash.o            68      250      250
    stm8l15x_gpio.o            160
    stm8l15x_it.o              105                          1
    stm8l15x_lcd.o             217
    stm8l_discovery_lcd.o    1 707                79        3
    tests.o                    478               126      129
    ---------------------------------------------------------
    Total:                   3 016      250      455      133

command line: [2]
    ---------------------------------------------------------
    Total:

dbgstm8smd.a: [3]
    __dbg_break.o                1
    __dbg_xxexit.o              20
    ---------------------------------------------------------
    Total:                      21

dlstm8smn.a: [4]
    cexit.o                      5
    char.o                       6
    cstartup.o                  19
    dc_util.o                   11
    exit.o                       3
    init.o                      20
    init_small.o                70
    interrupt.o                  3               128
    long.o                     188
    long_util.o                 56
    low_level_init.o             3
    move.o                      13
    short.o                     62
    unhandled_exception.o        3
    vreg_util.o                223
    vregs.o                                                16
    ---------------------------------------------------------
    Total:                     685               128       16

    Linker created                                18      256
-------------------------------------------------------------
    Grand Total:             3 722      250      601      405


*******************************************************************************
*** ENTRY LIST
***

Entry                    Address   Size  Type      Object
-----                    -------   ----  ----      ------
.iar.init_table$$Base   0x008ec5          --   Gb  - Linker created -
.iar.init_table$$Limit  0x008ed7          --   Gb  - Linker created -
?add32_l0_l0_0x         0x0089a0         Code  Gb  long.o [4]
?add32_l0_l0_dl         0x008998         Code  Gb  long.o [4]
?add32_l0_l0_l1         0x00899d         Code  Gb  long.o [4]
?b0                     0x000000         Data  Gb  vregs.o [4]
?b1                     0x000001         Data  Gb  vregs.o [4]
?b10                    0x00000a         Data  Gb  vregs.o [4]
?b11                    0x00000b         Data  Gb  vregs.o [4]
?b12                    0x00000c         Data  Gb  vregs.o [4]
?b13                    0x00000d         Data  Gb  vregs.o [4]
?b14                    0x00000e         Data  Gb  vregs.o [4]
?b15                    0x00000f         Data  Gb  vregs.o [4]
?b2                     0x000002         Data  Gb  vregs.o [4]
?b3                     0x000003         Data  Gb  vregs.o [4]
?b4                     0x000004         Data  Gb  vregs.o [4]
?b5                     0x000005         Data  Gb  vregs.o [4]
?b6                     0x000006         Data  Gb  vregs.o [4]
?b7                     0x000007         Data  Gb  vregs.o [4]
?b8                     0x000008         Data  Gb  vregs.o [4]
?b9                     0x000009         Data  Gb  vregs.o [4]
?dc32_px                0x009079         Code  Gb  dc_util.o [4]
?e0                     0x000001         Data  Gb  vregs.o [4]
?e1                     0x000005         Data  Gb  vregs.o [4]
?e2                     0x000009         Data  Gb  vregs.o [4]
?e3                     0x00000d         Data  Gb  vregs.o [4]
?epilogue_l2            0x008941         Code  Gb  vreg_util.o [4]
?epilogue_l2_l3         0x00893e         Code  Gb  vreg_util.o [4]
?epilogue_l2_w6         0x008945         Code  Gb  vreg_util.o [4]
?epilogue_w4            0x00894c         Code  Gb  vreg_util.o [4]
?inc32_0x_0x            0x00898a         Code  Gb  long.o [4]
?inc32_l2_l2            0x008985         Code  Gb  long.o [4]
?l0                     0x000000         Data  Gb  vregs.o [4]
?l1                     0x000004         Data  Gb  vregs.o [4]
?l2                     0x000008         Data  Gb  vregs.o [4]
?l3                     0x00000c         Data  Gb  vregs.o [4]
?load32_l0_0x           0x008dd8         Code  Gb  long_util.o [4]
?load32_l0_asp          0x008dcd         Code  Gb  long_util.o [4]
?load32_l0_dbsp         0x008dc8         Code  Gb  long_util.o [4]
?load32_l0_xsp          0x008dcf         Code  Gb  long_util.o [4]
?load32_l2_0x           0x008df4         Code  Gb  long_util.o [4]
?load32_l2_asp          0x008de9         Code  Gb  long_util.o [4]
?load32_l2_dbsp         0x008de4         Code  Gb  long_util.o [4]
?load32_l2_xsp          0x008deb         Code  Gb  long_util.o [4]
?mov_e0_e2              0x00895a         Code  Gb  vreg_util.o [4]
?mov_e1_e3              0x008967         Code  Gb  vreg_util.o [4]
?mov_e3_e0              0x00897b         Code  Gb  vreg_util.o [4]
?mov_l0_l2              0x008957         Code  Gb  vreg_util.o [4]
?mov_l1_l3              0x008964         Code  Gb  vreg_util.o [4]
?mov_l3_l0              0x008978         Code  Gb  vreg_util.o [4]
?mov_w1_w5              0x00895d         Code  Gb  vreg_util.o [4]
?mov_w3_w7              0x00896a         Code  Gb  vreg_util.o [4]
?mov_w5_w1              0x008971         Code  Gb  vreg_util.o [4]
?mov_w6_w0              0x008950         Code  Gb  vreg_util.o [4]
?mov_w7_w1              0x00897e         Code  Gb  vreg_util.o [4]
?move1616_v_x_y_a       0x009055         Code  Gb  move.o [4]
?mul16_x_x_w0           0x008d8a         Code  Gb  short.o [4]
?mul32_l0_l0_l1         0x0089b8         Code  Gb  long.o [4]
?pop_l0                 0x00890a         Code  Gb  vreg_util.o [4]
?pop_l1                 0x008915         Code  Gb  vreg_util.o [4]
?pop_l2                 0x008920         Code  Gb  vreg_util.o [4]
?pop_l3                 0x00892b         Code  Gb  vreg_util.o [4]
?pop_w4                 0x0088c3         Code  Gb  vreg_util.o [4]
?pop_w6                 0x0088ca         Code  Gb  vreg_util.o [4]
?push_l0                0x0088d9         Code  Gb  vreg_util.o [4]
?push_l1                0x0088de         Code  Gb  vreg_util.o [4]
?push_l2                0x0088e3         Code  Gb  vreg_util.o [4]
?push_l3                0x0088e8         Code  Gb  vreg_util.o [4]
?push_w4                0x0088a6         Code  Gb  vreg_util.o [4]
?push_w6                0x0088ab         Code  Gb  vreg_util.o [4]
?sll16_x_x_a            0x008db8         Code  Gb  short.o [4]
?sll8_a_a_5             0x0090a7         Code  Gb  char.o [4]
?sll8_a_a_6             0x0090a6         Code  Gb  char.o [4]
?smod16_y_x_y           0x008da8         Code  Gb  short.o [4]
?srl16_x_x_a            0x008dc0         Code  Gb  short.o [4]
?ucmp32_c_l0_l1         0x008a36         Code  Gb  long.o [4]
?w0                     0x000000         Data  Gb  vregs.o [4]
?w1                     0x000002         Data  Gb  vregs.o [4]
?w2                     0x000004         Data  Gb  vregs.o [4]
?w3                     0x000006         Data  Gb  vregs.o [4]
?w4                     0x000008         Data  Gb  vregs.o [4]
?w5                     0x00000a         Data  Gb  vregs.o [4]
?w6                     0x00000c         Data  Gb  vregs.o [4]
?w7                     0x00000e         Data  Gb  vregs.o [4]
ADC1_COMP_IRQHandler    0x0090d6    0x1  Code  Gb  stm8l15x_it.o [1]
CLK_PeripheralClockConfig
                        0x008acf   0x89  Code  Gb  stm8l15x_clk.o [1]
CLK_RTCClockConfig      0x00908e    0xa  Code  Gb  stm8l15x_clk.o [1]
CLK_SYSCLKDivConfig     0x0090b1    0x4  Code  Gb  stm8l15x_clk.o [1]
CSTACK$$Base            0x000700          --   Gb  - Linker created -
CSTACK$$Limit           0x000800          --   Gb  - Linker created -
CapLetterMap            0x008e00   0x34  Data  Gb  stm8l_discovery_lcd.o [1]
DMA1_CHANNEL0_1_IRQHandler
                        0x0090c7    0x1  Code  Gb  stm8l15x_it.o [1]
DMA1_CHANNEL2_3_IRQHandler
                        0x0090c8    0x1  Code  Gb  stm8l15x_it.o [1]
EXTI0_IRQHandler        0x0090cd    0x1  Code  Gb  stm8l15x_it.o [1]
EXTI1_IRQHandler        0x008cf4   0x4c  Code  Gb  stm8l15x_it.o [1]
EXTI2_IRQHandler        0x0090ce    0x1  Code  Gb  stm8l15x_it.o [1]
EXTI3_IRQHandler        0x0090cf    0x1  Code  Gb  stm8l15x_it.o [1]
EXTI4_IRQHandler        0x0090d0    0x1  Code  Gb  stm8l15x_it.o [1]
EXTI5_IRQHandler        0x0090d1    0x1  Code  Gb  stm8l15x_it.o [1]
EXTI6_IRQHandler        0x0090d2    0x1  Code  Gb  stm8l15x_it.o [1]
EXTI7_IRQHandler        0x0090d3    0x1  Code  Gb  stm8l15x_it.o [1]
EXTIB_G_IRQHandler      0x0090cb    0x1  Code  Gb  stm8l15x_it.o [1]
EXTID_H_IRQHandler      0x0090cc    0x1  Code  Gb  stm8l15x_it.o [1]
EXTIE_F_PVD_IRQHandler  0x0090ca    0x1  Code  Gb  stm8l15x_it.o [1]
EXTI_ClearITPendingBit  0x008e83   0x21  Code  Gb  stm8l15x_exti.o [1]
FLASH_EraseBlock        0x0000be   0x4c  Code  Gb  stm8l15x_flash.o [1]
FLASH_GetFlagStatus     0x008f2c   0x18  Code  Gb  stm8l15x_flash.o [1]
FLASH_IRQHandler        0x0090c6    0x1  Code  Gb  stm8l15x_it.o [1]
FLASH_ProgramBlock      0x000010   0xae  Code  Gb  stm8l15x_flash.o [1]
FLASH_ReadByte          0x0090b5    0x4  Code  Gb  stm8l15x_flash.o [1]
FLASH_SetProgrammingTime
                        0x00902c    0xf  Code  Gb  stm8l15x_flash.o [1]
FLASH_Unlock            0x008f13   0x19  Code  Gb  stm8l15x_flash.o [1]
GBuffer                 0x00010a   0x80  Data  Gb  tests.o [1]
GPIO_Init               0x008a41   0x8e  Code  Gb  stm8l15x_gpio.o [1]
GPIO_WriteBit           0x008ff9   0x12  Code  Gb  stm8l15x_gpio.o [1]
I2C1_SPI2_IRQHandler    0x0090e1    0x1  Code  Gb  stm8l15x_it.o [1]
INTVEC$$Base            0x008000          --   Gb  - Linker created -
INTVEC$$Limit           0x008080          --   Gb  - Linker created -
KeyPressed              0x00018d    0x1  Data  Gb  stm8l_discovery_lcd.o [1]
LCD_AES_IRQHandler      0x0090d4    0x1  Code  Gb  stm8l15x_it.o [1]
LCD_Cmd                 0x009048    0xd  Code  Gb  stm8l15x_lcd.o [1]
LCD_ContrastConfig      0x008fd3   0x13  Code  Gb  stm8l15x_lcd.o [1]
LCD_Conv_Char_Seg       0x0087c5   0xe1  Code  Lc  stm8l_discovery_lcd.o [1]
LCD_DeadTimeConfig      0x008fc0   0x13  Code  Gb  stm8l15x_lcd.o [1]
LCD_GLASS_Clear         0x008468   0x10  Code  Gb  stm8l_discovery_lcd.o [1]
LCD_GLASS_DisplayString
                        0x008478   0x2f  Code  Gb  stm8l_discovery_lcd.o [1]
LCD_GLASS_Init          0x008c9e   0x56  Code  Gb  stm8l_discovery_lcd.o [1]
LCD_GLASS_ScrollSentence
                        0x0084a7  0x113  Code  Gb  stm8l_discovery_lcd.o [1]
LCD_GLASS_ScrollSentenceDef
                        0x0085ba   0x13  Code  Gb  stm8l_discovery_lcd.o [1]
LCD_GLASS_WriteChar     0x008080  0x3e8  Code  Gb  stm8l_discovery_lcd.o [1]
LCD_Init                0x008b58   0x87  Code  Gb  stm8l15x_lcd.o [1]
LCD_PortMaskConfig      0x009062    0xc  Code  Gb  stm8l15x_lcd.o [1]
LCD_PulseOnDurationConfig
                        0x008fad   0x13  Code  Gb  stm8l15x_lcd.o [1]
LCD_bar                 0x008e5c   0x27  Code  Gb  stm8l_discovery_lcd.o [1]
NumberMap               0x008f71   0x14  Data  Gb  stm8l_discovery_lcd.o [1]
OperationStatus         0x00018e    0x1  Data  Gb  tests.o [1]
RTC_CSSLSE_IRQHandler   0x0090c9    0x1  Code  Gb  stm8l15x_it.o [1]
Region$$Table$$Base     0x008ec5          --   Gb  - Linker created -
Region$$Table$$Limit    0x008ed7          --   Gb  - Linker created -
SPI1_IRQHandler         0x0090de    0x1  Code  Gb  stm8l15x_it.o [1]
SWITCH_CSS_BREAK_DAC_IRQHandler
                        0x0090d5    0x1  Code  Gb  stm8l15x_it.o [1]
TIM1_CC_IRQHandler      0x0090dc    0x1  Code  Gb  stm8l15x_it.o [1]
TIM1_UPD_OVF_TRG_COM_IRQHandler
                        0x0090db    0x1  Code  Gb  stm8l15x_it.o [1]
TIM2_CC_USART2_RX_IRQHandler
                        0x0090d8    0x1  Code  Gb  stm8l15x_it.o [1]
TIM2_UPD_OVF_TRG_BRK_USART2_TX_IRQHandler
                        0x0090d7    0x1  Code  Gb  stm8l15x_it.o [1]
TIM3_CC_USART3_RX_IRQHandler
                        0x0090da    0x1  Code  Gb  stm8l15x_it.o [1]
TIM3_UPD_OVF_TRG_BRK_USART3_TX_IRQHandler
                        0x0090d9    0x1  Code  Gb  stm8l15x_it.o [1]
TIM4_UPD_OVF_TRG_IRQHandler
                        0x0090dd    0x1  Code  Gb  stm8l15x_it.o [1]
TRAP_IRQHandler         0x0090c5    0x1  Code  Gb  stm8l15x_it.o [1]
USART1_RX_TIM5_CC_IRQHandler
                        0x0090e0    0x1  Code  Gb  stm8l15x_it.o [1]
USART1_TX_TIM5_UPD_OVF_TRG_BRK_IRQHandler
                        0x0090df    0x1  Code  Gb  stm8l15x_it.o [1]
__DebugBreak            0x0090e2    0x1  Code  Gb  __dbg_break.o [3]
__exit                  0x008f99   0x14  Code  Gb  __dbg_xxexit.o [3]
__iar_copy_init2        0x008e34         Code  Gb  init_small.o [4]
__iar_data_init2        0x008f85   0x14  Code  Gb  init.o [4]
__iar_program_start     0x008fe6         Code  Gb  cstartup.o [4]
__iar_unhandled_exception
                        0x0090c2         Code  Gb  unhandled_exception.o [4]
__iar_zero_init2        0x008ef5         Code  Gb  init_small.o [4]
__intvec                0x008000         Data  Gb  interrupt.o [4]
__low_level_init        0x0090bc    0x3  Code  Gb  low_level_init.o [4]
_exit                   0x0090ac         Code  Gb  cexit.o [4]
_interrupt_1            0x0090c5         Code  Gb  stm8l15x_it.o [1]
_interrupt_10           0x0090cd         Code  Gb  stm8l15x_it.o [1]
_interrupt_11           0x008cf4         Code  Gb  stm8l15x_it.o [1]
_interrupt_12           0x0090ce         Code  Gb  stm8l15x_it.o [1]
_interrupt_13           0x0090cf         Code  Gb  stm8l15x_it.o [1]
_interrupt_14           0x0090d0         Code  Gb  stm8l15x_it.o [1]
_interrupt_15           0x0090d1         Code  Gb  stm8l15x_it.o [1]
_interrupt_16           0x0090d2         Code  Gb  stm8l15x_it.o [1]
_interrupt_17           0x0090d3         Code  Gb  stm8l15x_it.o [1]
_interrupt_18           0x0090d4         Code  Gb  stm8l15x_it.o [1]
_interrupt_19           0x0090d5         Code  Gb  stm8l15x_it.o [1]
_interrupt_20           0x0090d6         Code  Gb  stm8l15x_it.o [1]
_interrupt_21           0x0090d7         Code  Gb  stm8l15x_it.o [1]
_interrupt_22           0x0090d8         Code  Gb  stm8l15x_it.o [1]
_interrupt_23           0x0090d9         Code  Gb  stm8l15x_it.o [1]
_interrupt_24           0x0090da         Code  Gb  stm8l15x_it.o [1]
_interrupt_25           0x0090db         Code  Gb  stm8l15x_it.o [1]
_interrupt_26           0x0090dc         Code  Gb  stm8l15x_it.o [1]
_interrupt_27           0x0090dd         Code  Gb  stm8l15x_it.o [1]
_interrupt_28           0x0090de         Code  Gb  stm8l15x_it.o [1]
_interrupt_29           0x0090df         Code  Gb  stm8l15x_it.o [1]
_interrupt_3            0x0090c6         Code  Gb  stm8l15x_it.o [1]
_interrupt_30           0x0090e0         Code  Gb  stm8l15x_it.o [1]
_interrupt_31           0x0090e1         Code  Gb  stm8l15x_it.o [1]
_interrupt_4            0x0090c7         Code  Gb  stm8l15x_it.o [1]
_interrupt_5            0x0090c8         Code  Gb  stm8l15x_it.o [1]
_interrupt_6            0x0090c9         Code  Gb  stm8l15x_it.o [1]
_interrupt_7            0x0090ca         Code  Gb  stm8l15x_it.o [1]
_interrupt_8            0x0090cb         Code  Gb  stm8l15x_it.o [1]
_interrupt_9            0x0090cc         Code  Gb  stm8l15x_it.o [1]
btnTest                 0x008c42   0x5c  Code  Gb  tests.o [1]
btnTest_wait            0x008ea4   0x21  Code  Gb  tests.o [1]
cb_num                  0x00018c    0x1  Data  Gb  stm8l15x_it.o [1]
delay_ms                0x008d40   0x4a  Code  Gb  delay.o [1]
exit                    0x0090bf    0x3  Code  Gb  exit.o [4]
flashTest               0x0085cd   0xfe  Code  Gb  tests.o [1]
lcdTest                 0x008bdf   0x63  Code  Gb  tests.o [1]
main                    0x008f44   0x17  Code  Gb  main.o [1]
t_bar                   0x00018a    0x2  Data  Gb  stm8l_discovery_lcd.o [1]


[1] = C:\Users\Vova\bars\dev\soft\stm8l_tests\Debug\Obj
[2] = command line
[3] = dbgstm8smd.a
[4] = dlstm8smn.a

  3 722 bytes of readonly  code memory
    250 bytes of readwrite code memory
    601 bytes of readonly  data memory
    405 bytes of readwrite data memory

Errors: none
Warnings: none
