###############################################################################
#
# IAR ELF Linker V3.10.1.201 for STM8                     05/Oct/2018  13:44:49
# Copyright 2010-2017 IAR Systems AB.
#
#    Output file  =  
#        C:\Users\Vova\bars\dev\soft\stm8l_tests\Debug\Exe\tests.out
#    Map file     =  
#        C:\Users\Vova\bars\dev\soft\stm8l_tests\Debug\List\tests.map
#    Command line =  
#        -f C:\Users\Vova\AppData\Local\Temp\EWFBA3.tmp
#        (C:\Users\Vova\bars\dev\soft\stm8l_tests\Debug\Obj\board_flash.o
#        C:\Users\Vova\bars\dev\soft\stm8l_tests\Debug\Obj\delay.o
#        C:\Users\Vova\bars\dev\soft\stm8l_tests\Debug\Obj\main.o
#        C:\Users\Vova\bars\dev\soft\stm8l_tests\Debug\Obj\stm8l15x_adc.o
#        C:\Users\Vova\bars\dev\soft\stm8l_tests\Debug\Obj\stm8l15x_aes.o
#        C:\Users\Vova\bars\dev\soft\stm8l_tests\Debug\Obj\stm8l15x_beep.o
#        C:\Users\Vova\bars\dev\soft\stm8l_tests\Debug\Obj\stm8l15x_clk.o
#        C:\Users\Vova\bars\dev\soft\stm8l_tests\Debug\Obj\stm8l15x_comp.o
#        C:\Users\Vova\bars\dev\soft\stm8l_tests\Debug\Obj\stm8l15x_dac.o
#        C:\Users\Vova\bars\dev\soft\stm8l_tests\Debug\Obj\stm8l15x_dma.o
#        C:\Users\Vova\bars\dev\soft\stm8l_tests\Debug\Obj\stm8l15x_exti.o
#        C:\Users\Vova\bars\dev\soft\stm8l_tests\Debug\Obj\stm8l15x_flash.o
#        C:\Users\Vova\bars\dev\soft\stm8l_tests\Debug\Obj\stm8l15x_gpio.o
#        C:\Users\Vova\bars\dev\soft\stm8l_tests\Debug\Obj\stm8l15x_i2c.o
#        C:\Users\Vova\bars\dev\soft\stm8l_tests\Debug\Obj\stm8l15x_irtim.o
#        C:\Users\Vova\bars\dev\soft\stm8l_tests\Debug\Obj\stm8l15x_it.o
#        C:\Users\Vova\bars\dev\soft\stm8l_tests\Debug\Obj\stm8l15x_itc.o
#        C:\Users\Vova\bars\dev\soft\stm8l_tests\Debug\Obj\stm8l15x_iwdg.o
#        C:\Users\Vova\bars\dev\soft\stm8l_tests\Debug\Obj\stm8l15x_lcd.o
#        C:\Users\Vova\bars\dev\soft\stm8l_tests\Debug\Obj\stm8l15x_pwr.o
#        C:\Users\Vova\bars\dev\soft\stm8l_tests\Debug\Obj\stm8l15x_rst.o
#        C:\Users\Vova\bars\dev\soft\stm8l_tests\Debug\Obj\stm8l15x_rtc.o
#        C:\Users\Vova\bars\dev\soft\stm8l_tests\Debug\Obj\stm8l15x_spi.o
#        C:\Users\Vova\bars\dev\soft\stm8l_tests\Debug\Obj\stm8l15x_syscfg.o
#        C:\Users\Vova\bars\dev\soft\stm8l_tests\Debug\Obj\stm8l15x_tim1.o
#        C:\Users\Vova\bars\dev\soft\stm8l_tests\Debug\Obj\stm8l15x_tim2.o
#        C:\Users\Vova\bars\dev\soft\stm8l_tests\Debug\Obj\stm8l15x_tim3.o
#        C:\Users\Vova\bars\dev\soft\stm8l_tests\Debug\Obj\stm8l15x_tim4.o
#        C:\Users\Vova\bars\dev\soft\stm8l_tests\Debug\Obj\stm8l15x_tim5.o
#        C:\Users\Vova\bars\dev\soft\stm8l_tests\Debug\Obj\stm8l15x_usart.o
#        C:\Users\Vova\bars\dev\soft\stm8l_tests\Debug\Obj\stm8l15x_wfe.o
#        C:\Users\Vova\bars\dev\soft\stm8l_tests\Debug\Obj\stm8l15x_wwdg.o
#        C:\Users\Vova\bars\dev\soft\stm8l_tests\Debug\Obj\stm8l_discovery_lcd.o
#        C:\Users\Vova\bars\dev\soft\stm8l_tests\Debug\Obj\tests.o --redirect
#        _Printf=_PrintfFullNoMb --redirect _Scanf=_ScanfFullNoMb -o
#        C:\Users\Vova\bars\dev\soft\stm8l_tests\Debug\Exe\tests.out --map
#        C:\Users\Vova\bars\dev\soft\stm8l_tests\Debug\List\tests.map --config
#        "C:\Program Files (x86)\IAR Systems\Embedded Workbench
#        8.0\stm8\config\lnkstm8l152c6.icf" --config_def _CSTACK_SIZE=0x100
#        --config_def _HEAP_SIZE=0x100 --entry __iar_program_start --debug_lib)
#
###############################################################################

*******************************************************************************
*** RUNTIME MODEL ATTRIBUTES
***

__SystemLibrary            = DLib
__code_model               = small
__core                     = stm8
__data_model               = medium
__dlib_file_descriptor     = 0
__dlib_full_locale_support = 0
__rt_version               = 4


*******************************************************************************
*** PLACEMENT SUMMARY
***

"A0":  place at start of [0x000000-0x0000ff] { rw section .vregs };
"A1":  place at end of [0x000000-0x0007ff] { block CSTACK };
"P2":  place in [from 0x000000 to 0x0007ff] {
          block HEAP, rw section __DLIB_PERTHREAD, rw section .far.bss,
          rw section .far.data, rw section .far.noinit,
          rw section .far_func.textrw, rw section .huge.bss,
          rw section .huge.data, rw section .huge.noinit,
          rw section .huge_func.textrw, rw section .iar.dynexit,
          rw section .near.bss, rw section .near.data, rw section .near.noinit,
          rw section .near_func.textrw };
"A2":  place at start of [0x008000-0x00ffff] { block INTVEC };
"P3":  place in [from 0x008000 to 0x00ffff] {
          ro section __DLIB_PERTHREAD_init, ro section .far.data_init,
          ro section .far_func.textrw_init, ro section .huge.data_init,
          ro section .huge_func.textrw_init, ro section .iar.init_table,
          ro section .init_array, ro section .near.data_init,
          ro section .near.rodata, ro section .near_func.text,
          ro section .near_func.textrw_init, ro section .tiny.data_init,
          ro section .tiny.rodata_init };
"P4":  place in [from 0x008000 to 0x00ffff] {
          ro section .far.rodata, ro section .far_func.text };
"P5":  place in [from 0x008000 to 0x00ffff] {
          ro section .huge.rodata, ro section .huge_func.text };
do not initialize {
   rw section .eeprom.noinit, rw section .far.noinit, rw section .huge.noinit,
   rw section .near.noinit, rw section .tiny.noinit, rw section .vregs };
initialize by copy {
   rw section .far.bss, rw section .far.data, rw section .far_func.textrw,
   rw section .huge.bss, rw section .huge.data, rw section .huge_func.textrw,
   rw section .iar.dynexit, rw section .near.bss, rw section .near.data,
   rw section .near_func.textrw, rw section .tiny.bss, rw section .tiny.data,
   ro section .tiny.rodata };

  Section              Kind      Address    Size  Object
  -------              ----      -------    ----  ------
"A0":                                       0x10
  .vregs               uninit   0x000000    0x10  vregs.o [4]
                              - 0x000010    0x10

"P2", part 1 of 2:                          0xfa
  P2-1                          0x000010    0xfa  <Init block>
    .near_func.textrw  inited   0x000010    0xae  stm8l15x_flash.o [1]
    .near_func.textrw  inited   0x0000be    0x4c  stm8l15x_flash.o [1]
                              - 0x00010a    0xfa

"P2", part 2 of 2:                          0x89
  .near.bss            zero     0x00010a    0x80  tests.o [1]
  .near.bss            zero     0x00018a     0x4  tests.o [1]
  .near.bss            zero     0x00018e     0x2  stm8l_discovery_lcd.o [1]
  .near.bss            zero     0x000190     0x1  stm8l15x_it.o [1]
  .near.bss            zero     0x000191     0x1  stm8l_discovery_lcd.o [1]
  .near.bss            zero     0x000192     0x1  tests.o [1]
                              - 0x000193    0x89

"A1":                                      0x100
  CSTACK                        0x000700   0x100  <Block>
    CSTACK             uninit   0x000700   0x100  <Block tail>
                              - 0x000800   0x100

"A2":                                       0x80
  INTVEC                        0x008000    0x80  <Block>
    .intvec            const    0x008000    0x80  interrupt.o [4]
                              - 0x008080    0x80

"P3-P5":                                  0x147b
  .near_func.text      ro code  0x008080   0x3e8  stm8l_discovery_lcd.o [1]
  .near_func.text      ro code  0x008468   0x165  stm8l_discovery_lcd.o [1]
  .near_func.text      ro code  0x0085cd    0xfe  tests.o [1]
  .near_func.text      ro code  0x0086cb    0xfe  tests.o [1]
  Initializer bytes    const    0x0087c9    0xfa  <for P2-1>
  .near_func.text      ro code  0x0088c3    0xe1  stm8l_discovery_lcd.o [1]
  .near_func.text      ro code  0x0089a4    0xd4  vreg_util.o [4]
  .near_func.text      ro code  0x008a78    0xbc  long.o [4]
  .near_func.text      ro code  0x008b34    0x98  stm8l15x_clk.o [1]
  .near_func.text      ro code  0x008bcc    0x8e  stm8l15x_gpio.o [1]
  .near_func.text      ro code  0x008c5a    0x89  stm8l15x_clk.o [1]
  .near_func.text      ro code  0x008ce3    0x87  stm8l15x_lcd.o [1]
  .near_func.text      ro code  0x008d6a    0x6f  tests.o [1]
  .near_func.text      ro code  0x008dd9    0x63  tests.o [1]
  .near_func.text      ro code  0x008e3c    0x60  delay.o [1]
  .near_func.text      ro code  0x008e9c    0x5c  tests.o [1]
  .near_func.text      ro code  0x008ef8    0x58  stm8l15x_it.o [1]
  .near_func.text      ro code  0x008f50    0x56  stm8l_discovery_lcd.o [1]
  .near_func.text      ro code  0x008fa6    0x4e  stm8l15x_rtc.o [1]
  .near_func.text      ro code  0x008ff4    0x43  short.o [4]
  .near_func.text      ro code  0x009037    0x3d  stm8l15x_rtc.o [1]
  .near_func.text      ro code  0x009074    0x38  stm8l15x_rtc.o [1]
  .near_func.text      ro code  0x0090ac    0x38  long_util.o [4]
  .near.rodata         const    0x0090e4    0x34  stm8l_discovery_lcd.o [1]
  .near_func.text      ro code  0x009118    0x34  stm8l15x_rtc.o [1]
  .near_func.text      ro code  0x00914c    0x28  init_small.o [4]
  .near_func.text      ro code  0x009174    0x27  stm8l_discovery_lcd.o [1]
  .near_func.text      ro code  0x00919b    0x23  stm8l15x_lcd.o [1]
  .near_func.text      ro code  0x0091be    0x23  stm8l15x_rtc.o [1]
  .near_func.text      ro code  0x0091e1    0x21  stm8l15x_exti.o [1]
  .near_func.text      ro code  0x009202    0x21  tests.o [1]
  .iar.init_table      const    0x009223    0x12  - Linker created -
  .near.rodata         const    0x009235    0x1e  tests.o [1]
  .near_func.text      ro code  0x009253    0x1e  init_small.o [4]
  .near_func.text      ro code  0x009271    0x19  stm8l15x_flash.o [1]
  .near_func.text      ro code  0x00928a    0x19  stm8l15x_it.o [1]
  .near_func.text      ro code  0x0092a3    0x18  main.o [1]
  .near_func.text      ro code  0x0092bb    0x18  stm8l15x_flash.o [1]
  .near_func.text      ro code  0x0092d3    0x18  stm8l15x_tim4.o [1]
  .near_func.text      ro code  0x0092eb    0x17  stm8l15x_rtc.o [1]
  .near.rodata         const    0x009302    0x16  tests.o [1]
  .near_func.text      ro code  0x009318    0x15  stm8l15x_rtc.o [1]
  .near.rodata         const    0x00932d    0x14  stm8l_discovery_lcd.o [1]
  .near_func.text      ro code  0x009341    0x14  init.o [4]
  .near_func.text      ro code  0x009355    0x14  __dbg_xxexit.o [3]
  .near_func.text      ro code  0x009369    0x13  stm8l15x_clk.o [1]
  .near_func.text      ro code  0x00937c    0x13  stm8l15x_lcd.o [1]
  .near_func.text      ro code  0x00938f    0x13  stm8l15x_lcd.o [1]
  .near_func.text      ro code  0x0093a2    0x13  stm8l15x_lcd.o [1]
  .near_func.text      ro code  0x0093b5    0x13  cstartup.o [4]
  .near_func.text      ro code  0x0093c8    0x12  stm8l15x_gpio.o [1]
  .near.rodata         const    0x0093da    0x11  tests.o [1]
  .near_func.text      ro code  0x0093eb    0x11  stm8l15x_tim4.o [1]
  .near.rodata         const    0x0093fc    0x10  tests.o [1]
  .near.rodata         const    0x00940c     0xf  tests.o [1]
  .near_func.text      ro code  0x00941b     0xf  stm8l15x_flash.o [1]
  .near.rodata         const    0x00942a     0xe  tests.o [1]
  .near.rodata         const    0x009438     0xd  tests.o [1]
  .near_func.text      ro code  0x009445     0xd  stm8l15x_lcd.o [1]
  .near_func.text      ro code  0x009452     0xd  stm8l15x_tim4.o [1]
  .near_func.text      ro code  0x00945f     0xd  move.o [4]
  .near_func.text      ro code  0x00946c     0xc  stm8l15x_lcd.o [1]
  .near_func.text      ro code  0x009478     0xb  dc_util.o [4]
  .near_func.text      ro code  0x009483     0xa  stm8l15x_clk.o [1]
  .near_func.text      ro code  0x00948d     0x9  stm8l15x_rtc.o [1]
  .near.rodata         const    0x009496     0x7  stm8l_discovery_lcd.o [1]
  .near.rodata         const    0x00949d     0x7  tests.o [1]
  .near.rodata         const    0x0094a4     0x7  tests.o [1]
  .near.rodata         const    0x0094ab     0x6  tests.o [1]
  .near_func.text      ro code  0x0094b1     0x6  char.o [4]
  .near.rodata         const    0x0094b7     0x5  tests.o [1]
  .near_func.text      ro code  0x0094bc     0x5  stm8l15x_tim4.o [1]
  .near_func.text      ro code  0x0094c1     0x5  cexit.o [4]
  .near_func.text      ro code  0x0094c6     0x4  stm8l15x_clk.o [1]
  .near_func.text      ro code  0x0094ca     0x4  stm8l15x_clk.o [1]
  .near_func.text      ro code  0x0094ce     0x4  stm8l15x_flash.o [1]
  .near_func.text      ro code  0x0094d2     0x3  interrupt.o [4]
  .near_func.text      ro code  0x0094d5     0x3  low_level_init.o [4]
  .near_func.text      ro code  0x0094d8     0x3  exit.o [4]
  .near_func.text      ro code  0x0094db     0x3  unhandled_exception.o [4]
  .near_func.text      ro code  0x0094de     0x1  stm8l15x_it.o [1]
  .near_func.text      ro code  0x0094df     0x1  stm8l15x_it.o [1]
  .near_func.text      ro code  0x0094e0     0x1  stm8l15x_it.o [1]
  .near_func.text      ro code  0x0094e1     0x1  stm8l15x_it.o [1]
  .near_func.text      ro code  0x0094e2     0x1  stm8l15x_it.o [1]
  .near_func.text      ro code  0x0094e3     0x1  stm8l15x_it.o [1]
  .near_func.text      ro code  0x0094e4     0x1  stm8l15x_it.o [1]
  .near_func.text      ro code  0x0094e5     0x1  stm8l15x_it.o [1]
  .near_func.text      ro code  0x0094e6     0x1  stm8l15x_it.o [1]
  .near_func.text      ro code  0x0094e7     0x1  stm8l15x_it.o [1]
  .near_func.text      ro code  0x0094e8     0x1  stm8l15x_it.o [1]
  .near_func.text      ro code  0x0094e9     0x1  stm8l15x_it.o [1]
  .near_func.text      ro code  0x0094ea     0x1  stm8l15x_it.o [1]
  .near_func.text      ro code  0x0094eb     0x1  stm8l15x_it.o [1]
  .near_func.text      ro code  0x0094ec     0x1  stm8l15x_it.o [1]
  .near_func.text      ro code  0x0094ed     0x1  stm8l15x_it.o [1]
  .near_func.text      ro code  0x0094ee     0x1  stm8l15x_it.o [1]
  .near_func.text      ro code  0x0094ef     0x1  stm8l15x_it.o [1]
  .near_func.text      ro code  0x0094f0     0x1  stm8l15x_it.o [1]
  .near_func.text      ro code  0x0094f1     0x1  stm8l15x_it.o [1]
  .near_func.text      ro code  0x0094f2     0x1  stm8l15x_it.o [1]
  .near_func.text      ro code  0x0094f3     0x1  stm8l15x_it.o [1]
  .near_func.text      ro code  0x0094f4     0x1  stm8l15x_it.o [1]
  .near_func.text      ro code  0x0094f5     0x1  stm8l15x_it.o [1]
  .near_func.text      ro code  0x0094f6     0x1  stm8l15x_it.o [1]
  .near_func.text      ro code  0x0094f7     0x1  stm8l15x_it.o [1]
  .near_func.text      ro code  0x0094f8     0x1  stm8l15x_it.o [1]
  .near_func.text      ro code  0x0094f9     0x1  stm8l15x_it.o [1]
  .near_func.text      ro code  0x0094fa     0x1  __dbg_break.o [3]
                              - 0x0094fb  0x147b


*******************************************************************************
*** INIT TABLE
***

          Address   Size
          -------   ----
Zero (__iar_zero_init2)
    1 destination range, total size 0x89:
          0x00010a  0x89

Copy (__iar_copy_init2)
    1 source range, total size 0xfa:
          0x0087c9  0xfa
    1 destination range, total size 0xfa:
          0x000010  0xfa



*******************************************************************************
*** MODULE SUMMARY
***

    Module                 ro code  rw code  ro data  rw data
    ------                 -------  -------  -------  -------
C:\Users\Vova\bars\dev\soft\stm8l_tests\Debug\Obj: [1]
    delay.o                     96
    main.o                      24
    stm8l15x_clk.o             326
    stm8l15x_exti.o             33
    stm8l15x_flash.o            68      250      250
    stm8l15x_gpio.o            160
    stm8l15x_it.o              141                          1
    stm8l15x_lcd.o             252
    stm8l15x_rtc.o             335
    stm8l15x_tim4.o             59
    stm8l_discovery_lcd.o    1 707                79        3
    tests.o                    843               152      133
    ---------------------------------------------------------
    Total:                   4 044      250      481      137

command line: [2]
    ---------------------------------------------------------
    Total:

dbgstm8smd.a: [3]
    __dbg_break.o                1
    __dbg_xxexit.o              20
    ---------------------------------------------------------
    Total:                      21

dlstm8smn.a: [4]
    cexit.o                      5
    char.o                       6
    cstartup.o                  19
    dc_util.o                   11
    exit.o                       3
    init.o                      20
    init_small.o                70
    interrupt.o                  3               128
    long.o                     188
    long_util.o                 56
    low_level_init.o             3
    move.o                      13
    short.o                     67
    unhandled_exception.o        3
    vreg_util.o                212
    vregs.o                                                16
    ---------------------------------------------------------
    Total:                     679               128       16

    Linker created                                18      256
-------------------------------------------------------------
    Grand Total:             4 744      250      627      409


*******************************************************************************
*** ENTRY LIST
***

Entry                    Address   Size  Type      Object
-----                    -------   ----  ----      ------
.iar.init_table$$Base   0x009223          --   Gb  - Linker created -
.iar.init_table$$Limit  0x009235          --   Gb  - Linker created -
?add32_l0_l0_0x         0x008a93         Code  Gb  long.o [4]
?add32_l0_l0_dl         0x008a8b         Code  Gb  long.o [4]
?add32_l0_l0_l1         0x008a90         Code  Gb  long.o [4]
?b0                     0x000000         Data  Gb  vregs.o [4]
?b1                     0x000001         Data  Gb  vregs.o [4]
?b10                    0x00000a         Data  Gb  vregs.o [4]
?b11                    0x00000b         Data  Gb  vregs.o [4]
?b12                    0x00000c         Data  Gb  vregs.o [4]
?b13                    0x00000d         Data  Gb  vregs.o [4]
?b14                    0x00000e         Data  Gb  vregs.o [4]
?b15                    0x00000f         Data  Gb  vregs.o [4]
?b2                     0x000002         Data  Gb  vregs.o [4]
?b3                     0x000003         Data  Gb  vregs.o [4]
?b4                     0x000004         Data  Gb  vregs.o [4]
?b5                     0x000005         Data  Gb  vregs.o [4]
?b6                     0x000006         Data  Gb  vregs.o [4]
?b7                     0x000007         Data  Gb  vregs.o [4]
?b8                     0x000008         Data  Gb  vregs.o [4]
?b9                     0x000009         Data  Gb  vregs.o [4]
?dc32_px                0x009478         Code  Gb  dc_util.o [4]
?e0                     0x000001         Data  Gb  vregs.o [4]
?e1                     0x000005         Data  Gb  vregs.o [4]
?e2                     0x000009         Data  Gb  vregs.o [4]
?e3                     0x00000d         Data  Gb  vregs.o [4]
?epilogue_l2            0x008a38         Code  Gb  vreg_util.o [4]
?epilogue_l2_l3         0x008a35         Code  Gb  vreg_util.o [4]
?epilogue_l2_w6         0x008a3c         Code  Gb  vreg_util.o [4]
?inc32_0x_0x            0x008a7d         Code  Gb  long.o [4]
?inc32_l2_l2            0x008a78         Code  Gb  long.o [4]
?l0                     0x000000         Data  Gb  vregs.o [4]
?l1                     0x000004         Data  Gb  vregs.o [4]
?l2                     0x000008         Data  Gb  vregs.o [4]
?l3                     0x00000c         Data  Gb  vregs.o [4]
?load32_l0_0x           0x0090bc         Code  Gb  long_util.o [4]
?load32_l0_asp          0x0090b1         Code  Gb  long_util.o [4]
?load32_l0_dbsp         0x0090ac         Code  Gb  long_util.o [4]
?load32_l0_xsp          0x0090b3         Code  Gb  long_util.o [4]
?load32_l2_0x           0x0090d8         Code  Gb  long_util.o [4]
?load32_l2_asp          0x0090cd         Code  Gb  long_util.o [4]
?load32_l2_dbsp         0x0090c8         Code  Gb  long_util.o [4]
?load32_l2_xsp          0x0090cf         Code  Gb  long_util.o [4]
?mov_e0_e2              0x008a4d         Code  Gb  vreg_util.o [4]
?mov_e1_e3              0x008a5a         Code  Gb  vreg_util.o [4]
?mov_e3_e0              0x008a6e         Code  Gb  vreg_util.o [4]
?mov_l0_l2              0x008a4a         Code  Gb  vreg_util.o [4]
?mov_l1_l3              0x008a57         Code  Gb  vreg_util.o [4]
?mov_l3_l0              0x008a6b         Code  Gb  vreg_util.o [4]
?mov_w1_w5              0x008a50         Code  Gb  vreg_util.o [4]
?mov_w3_w7              0x008a5d         Code  Gb  vreg_util.o [4]
?mov_w5_w1              0x008a64         Code  Gb  vreg_util.o [4]
?mov_w6_w0              0x008a43         Code  Gb  vreg_util.o [4]
?mov_w7_w1              0x008a71         Code  Gb  vreg_util.o [4]
?move1616_v_x_y_a       0x00945f         Code  Gb  move.o [4]
?mul16_x_x_w0           0x008ff4         Code  Gb  short.o [4]
?mul32_l0_l0_l1         0x008aab         Code  Gb  long.o [4]
?pop_l0                 0x008a01         Code  Gb  vreg_util.o [4]
?pop_l1                 0x008a0c         Code  Gb  vreg_util.o [4]
?pop_l2                 0x008a17         Code  Gb  vreg_util.o [4]
?pop_l3                 0x008a22         Code  Gb  vreg_util.o [4]
?pop_w6                 0x0089c1         Code  Gb  vreg_util.o [4]
?push_l0                0x0089d0         Code  Gb  vreg_util.o [4]
?push_l1                0x0089d5         Code  Gb  vreg_util.o [4]
?push_l2                0x0089da         Code  Gb  vreg_util.o [4]
?push_l3                0x0089df         Code  Gb  vreg_util.o [4]
?push_w4                0x0089a4         Code  Gb  vreg_util.o [4]
?push_w6                0x0089a9         Code  Gb  vreg_util.o [4]
?sll16_x_x_a            0x009022         Code  Gb  short.o [4]
?sll8_a_a_5             0x0094b2         Code  Gb  char.o [4]
?sll8_a_a_6             0x0094b1         Code  Gb  char.o [4]
?smod16_y_x_y           0x009012         Code  Gb  short.o [4]
?srl16_x_x_4            0x009032         Code  Gb  short.o [4]
?srl16_x_x_a            0x00902a         Code  Gb  short.o [4]
?ucmp32_c_l0_l1         0x008b29         Code  Gb  long.o [4]
?w0                     0x000000         Data  Gb  vregs.o [4]
?w1                     0x000002         Data  Gb  vregs.o [4]
?w2                     0x000004         Data  Gb  vregs.o [4]
?w3                     0x000006         Data  Gb  vregs.o [4]
?w4                     0x000008         Data  Gb  vregs.o [4]
?w5                     0x00000a         Data  Gb  vregs.o [4]
?w6                     0x00000c         Data  Gb  vregs.o [4]
?w7                     0x00000e         Data  Gb  vregs.o [4]
ADC1_COMP_IRQHandler    0x0094ee    0x1  Code  Gb  stm8l15x_it.o [1]
Bcd2ToByte              0x0092eb   0x17  Code  Lc  stm8l15x_rtc.o [1]
CLK_GetFlagStatus       0x008b34   0x98  Code  Gb  stm8l15x_clk.o [1]
CLK_GetSYSCLKSource     0x0094c6    0x4  Code  Gb  stm8l15x_clk.o [1]
CLK_LSEConfig           0x009369   0x13  Code  Gb  stm8l15x_clk.o [1]
CLK_PeripheralClockConfig
                        0x008c5a   0x89  Code  Gb  stm8l15x_clk.o [1]
CLK_RTCClockConfig      0x009483    0xa  Code  Gb  stm8l15x_clk.o [1]
CLK_SYSCLKDivConfig     0x0094ca    0x4  Code  Gb  stm8l15x_clk.o [1]
CSTACK$$Base            0x000700          --   Gb  - Linker created -
CSTACK$$Limit           0x000800          --   Gb  - Linker created -
CapLetterMap            0x0090e4   0x34  Data  Gb  stm8l_discovery_lcd.o [1]
DMA1_CHANNEL0_1_IRQHandler
                        0x0094e0    0x1  Code  Gb  stm8l15x_it.o [1]
DMA1_CHANNEL2_3_IRQHandler
                        0x0094e1    0x1  Code  Gb  stm8l15x_it.o [1]
EXTI0_IRQHandler        0x0094e5    0x1  Code  Gb  stm8l15x_it.o [1]
EXTI1_IRQHandler        0x008ef8   0x58  Code  Gb  stm8l15x_it.o [1]
EXTI2_IRQHandler        0x0094e6    0x1  Code  Gb  stm8l15x_it.o [1]
EXTI3_IRQHandler        0x0094e7    0x1  Code  Gb  stm8l15x_it.o [1]
EXTI4_IRQHandler        0x0094e8    0x1  Code  Gb  stm8l15x_it.o [1]
EXTI5_IRQHandler        0x0094e9    0x1  Code  Gb  stm8l15x_it.o [1]
EXTI6_IRQHandler        0x0094ea    0x1  Code  Gb  stm8l15x_it.o [1]
EXTI7_IRQHandler        0x0094eb    0x1  Code  Gb  stm8l15x_it.o [1]
EXTIB_G_IRQHandler      0x0094e3    0x1  Code  Gb  stm8l15x_it.o [1]
EXTID_H_IRQHandler      0x0094e4    0x1  Code  Gb  stm8l15x_it.o [1]
EXTIE_F_PVD_IRQHandler  0x0094e2    0x1  Code  Gb  stm8l15x_it.o [1]
EXTI_ClearITPendingBit  0x0091e1   0x21  Code  Gb  stm8l15x_exti.o [1]
FLASH_EraseBlock        0x0000be   0x4c  Code  Gb  stm8l15x_flash.o [1]
FLASH_GetFlagStatus     0x0092bb   0x18  Code  Gb  stm8l15x_flash.o [1]
FLASH_IRQHandler        0x0094df    0x1  Code  Gb  stm8l15x_it.o [1]
FLASH_ProgramBlock      0x000010   0xae  Code  Gb  stm8l15x_flash.o [1]
FLASH_ReadByte          0x0094ce    0x4  Code  Gb  stm8l15x_flash.o [1]
FLASH_SetProgrammingTime
                        0x00941b    0xf  Code  Gb  stm8l15x_flash.o [1]
FLASH_Unlock            0x009271   0x19  Code  Gb  stm8l15x_flash.o [1]
GBuffer                 0x00010a   0x80  Data  Gb  tests.o [1]
GPIO_Init               0x008bcc   0x8e  Code  Gb  stm8l15x_gpio.o [1]
GPIO_WriteBit           0x0093c8   0x12  Code  Gb  stm8l15x_gpio.o [1]
I2C1_SPI2_IRQHandler    0x0094f9    0x1  Code  Gb  stm8l15x_it.o [1]
INTVEC$$Base            0x008000          --   Gb  - Linker created -
INTVEC$$Limit           0x008080          --   Gb  - Linker created -
KeyPressed              0x000191    0x1  Data  Gb  stm8l_discovery_lcd.o [1]
LCD_AES_IRQHandler      0x0094ec    0x1  Code  Gb  stm8l15x_it.o [1]
LCD_BlinkConfig         0x00919b   0x23  Code  Gb  stm8l15x_lcd.o [1]
LCD_Cmd                 0x009445    0xd  Code  Gb  stm8l15x_lcd.o [1]
LCD_ContrastConfig      0x0093a2   0x13  Code  Gb  stm8l15x_lcd.o [1]
LCD_Conv_Char_Seg       0x0088c3   0xe1  Code  Lc  stm8l_discovery_lcd.o [1]
LCD_DeadTimeConfig      0x00938f   0x13  Code  Gb  stm8l15x_lcd.o [1]
LCD_GLASS_Clear         0x008468   0x10  Code  Gb  stm8l_discovery_lcd.o [1]
LCD_GLASS_DisplayString
                        0x008478   0x2f  Code  Gb  stm8l_discovery_lcd.o [1]
LCD_GLASS_Init          0x008f50   0x56  Code  Gb  stm8l_discovery_lcd.o [1]
LCD_GLASS_ScrollSentence
                        0x0084a7  0x113  Code  Gb  stm8l_discovery_lcd.o [1]
LCD_GLASS_ScrollSentenceDef
                        0x0085ba   0x13  Code  Gb  stm8l_discovery_lcd.o [1]
LCD_GLASS_WriteChar     0x008080  0x3e8  Code  Gb  stm8l_discovery_lcd.o [1]
LCD_Init                0x008ce3   0x87  Code  Gb  stm8l15x_lcd.o [1]
LCD_PortMaskConfig      0x00946c    0xc  Code  Gb  stm8l15x_lcd.o [1]
LCD_PulseOnDurationConfig
                        0x00937c   0x13  Code  Gb  stm8l15x_lcd.o [1]
LCD_bar                 0x009174   0x27  Code  Gb  stm8l_discovery_lcd.o [1]
LSE_StabTime            0x008770   0x35  Code  Gb  tests.o [1]
NumberMap               0x00932d   0x14  Data  Gb  stm8l_discovery_lcd.o [1]
OperationStatus         0x000192    0x1  Data  Gb  tests.o [1]
RTC_CSSLSE_IRQHandler   0x00928a   0x19  Code  Gb  stm8l15x_it.o [1]
RTC_ClearITPendingBit   0x00948d    0x9  Code  Gb  stm8l15x_rtc.o [1]
RTC_GetTime             0x008fa6   0x4e  Code  Gb  stm8l15x_rtc.o [1]
RTC_ITConfig            0x009074   0x38  Code  Gb  stm8l15x_rtc.o [1]
RTC_SetWakeUpCounter    0x009318   0x15  Code  Gb  stm8l15x_rtc.o [1]
RTC_TimeStr             0x00018a    0x4  Data  Gb  tests.o [1]
RTC_WaitForSynchro      0x009118   0x34  Code  Gb  stm8l15x_rtc.o [1]
RTC_WakeUpClockConfig   0x0091be   0x23  Code  Gb  stm8l15x_rtc.o [1]
RTC_WakeUpCmd           0x009037   0x3d  Code  Gb  stm8l15x_rtc.o [1]
Region$$Table$$Base     0x009223          --   Gb  - Linker created -
Region$$Table$$Limit    0x009235          --   Gb  - Linker created -
SPI1_IRQHandler         0x0094f6    0x1  Code  Gb  stm8l15x_it.o [1]
SWITCH_CSS_BREAK_DAC_IRQHandler
                        0x0094ed    0x1  Code  Gb  stm8l15x_it.o [1]
TIM1_CC_IRQHandler      0x0094f4    0x1  Code  Gb  stm8l15x_it.o [1]
TIM1_UPD_OVF_TRG_COM_IRQHandler
                        0x0094f3    0x1  Code  Gb  stm8l15x_it.o [1]
TIM2_CC_USART2_RX_IRQHandler
                        0x0094f0    0x1  Code  Gb  stm8l15x_it.o [1]
TIM2_UPD_OVF_TRG_BRK_USART2_TX_IRQHandler
                        0x0094ef    0x1  Code  Gb  stm8l15x_it.o [1]
TIM3_CC_USART3_RX_IRQHandler
                        0x0094f2    0x1  Code  Gb  stm8l15x_it.o [1]
TIM3_UPD_OVF_TRG_BRK_USART3_TX_IRQHandler
                        0x0094f1    0x1  Code  Gb  stm8l15x_it.o [1]
TIM4_ClearFlag          0x0094bc    0x5  Code  Gb  stm8l15x_tim4.o [1]
TIM4_Cmd                0x009452    0xd  Code  Gb  stm8l15x_tim4.o [1]
TIM4_GetFlagStatus      0x0092d3   0x18  Code  Gb  stm8l15x_tim4.o [1]
TIM4_TimeBaseInit       0x0093eb   0x11  Code  Gb  stm8l15x_tim4.o [1]
TIM4_UPD_OVF_TRG_IRQHandler
                        0x0094f5    0x1  Code  Gb  stm8l15x_it.o [1]
TRAP_IRQHandler         0x0094de    0x1  Code  Gb  stm8l15x_it.o [1]
Time_Show               0x0086cb   0xa5  Code  Gb  tests.o [1]
USART1_RX_TIM5_CC_IRQHandler
                        0x0094f8    0x1  Code  Gb  stm8l15x_it.o [1]
USART1_TX_TIM5_UPD_OVF_TRG_BRK_IRQHandler
                        0x0094f7    0x1  Code  Gb  stm8l15x_it.o [1]
__DebugBreak            0x0094fa    0x1  Code  Gb  __dbg_break.o [3]
__exit                  0x009355   0x14  Code  Gb  __dbg_xxexit.o [3]
__iar_copy_init2        0x00914c         Code  Gb  init_small.o [4]
__iar_data_init2        0x009341   0x14  Code  Gb  init.o [4]
__iar_program_start     0x0093b5         Code  Gb  cstartup.o [4]
__iar_unhandled_exception
                        0x0094db         Code  Gb  unhandled_exception.o [4]
__iar_zero_init2        0x009253         Code  Gb  init_small.o [4]
__intvec                0x008000         Data  Gb  interrupt.o [4]
__low_level_init        0x0094d5    0x3  Code  Gb  low_level_init.o [4]
_exit                   0x0094c1         Code  Gb  cexit.o [4]
_interrupt_1            0x0094de         Code  Gb  stm8l15x_it.o [1]
_interrupt_10           0x0094e5         Code  Gb  stm8l15x_it.o [1]
_interrupt_11           0x008ef8         Code  Gb  stm8l15x_it.o [1]
_interrupt_12           0x0094e6         Code  Gb  stm8l15x_it.o [1]
_interrupt_13           0x0094e7         Code  Gb  stm8l15x_it.o [1]
_interrupt_14           0x0094e8         Code  Gb  stm8l15x_it.o [1]
_interrupt_15           0x0094e9         Code  Gb  stm8l15x_it.o [1]
_interrupt_16           0x0094ea         Code  Gb  stm8l15x_it.o [1]
_interrupt_17           0x0094eb         Code  Gb  stm8l15x_it.o [1]
_interrupt_18           0x0094ec         Code  Gb  stm8l15x_it.o [1]
_interrupt_19           0x0094ed         Code  Gb  stm8l15x_it.o [1]
_interrupt_20           0x0094ee         Code  Gb  stm8l15x_it.o [1]
_interrupt_21           0x0094ef         Code  Gb  stm8l15x_it.o [1]
_interrupt_22           0x0094f0         Code  Gb  stm8l15x_it.o [1]
_interrupt_23           0x0094f1         Code  Gb  stm8l15x_it.o [1]
_interrupt_24           0x0094f2         Code  Gb  stm8l15x_it.o [1]
_interrupt_25           0x0094f3         Code  Gb  stm8l15x_it.o [1]
_interrupt_26           0x0094f4         Code  Gb  stm8l15x_it.o [1]
_interrupt_27           0x0094f5         Code  Gb  stm8l15x_it.o [1]
_interrupt_28           0x0094f6         Code  Gb  stm8l15x_it.o [1]
_interrupt_29           0x0094f7         Code  Gb  stm8l15x_it.o [1]
_interrupt_3            0x0094df         Code  Gb  stm8l15x_it.o [1]
_interrupt_30           0x0094f8         Code  Gb  stm8l15x_it.o [1]
_interrupt_31           0x0094f9         Code  Gb  stm8l15x_it.o [1]
_interrupt_4            0x0094e0         Code  Gb  stm8l15x_it.o [1]
_interrupt_5            0x0094e1         Code  Gb  stm8l15x_it.o [1]
_interrupt_6            0x00928a         Code  Gb  stm8l15x_it.o [1]
_interrupt_7            0x0094e2         Code  Gb  stm8l15x_it.o [1]
_interrupt_8            0x0094e3         Code  Gb  stm8l15x_it.o [1]
_interrupt_9            0x0094e4         Code  Gb  stm8l15x_it.o [1]
btnTest                 0x008e9c   0x5c  Code  Gb  tests.o [1]
btnTest_wait            0x009202   0x21  Code  Gb  tests.o [1]
cb_num                  0x000190    0x1  Data  Gb  stm8l15x_it.o [1]
delay_ms                0x008e3c   0x60  Code  Gb  delay.o [1]
exit                    0x0094d8    0x3  Code  Gb  exit.o [4]
flashTest               0x0085cd   0xfe  Code  Gb  tests.o [1]
haltTest                0x008d6a   0x6f  Code  Gb  tests.o [1]
lcdTest                 0x008dd9   0x63  Code  Gb  tests.o [1]
main                    0x0092a3   0x18  Code  Gb  main.o [1]
rtcTest                 0x0087a5   0x24  Code  Gb  tests.o [1]
t_bar                   0x00018e    0x2  Data  Gb  stm8l_discovery_lcd.o [1]


[1] = C:\Users\Vova\bars\dev\soft\stm8l_tests\Debug\Obj
[2] = command line
[3] = dbgstm8smd.a
[4] = dlstm8smn.a

  4 744 bytes of readonly  code memory
    250 bytes of readwrite code memory
    627 bytes of readonly  data memory
    409 bytes of readwrite data memory

Errors: none
Warnings: none
