###############################################################################
#
# IAR ELF Linker V3.10.1.201 for STM8                     29/Nov/2018  11:09:34
# Copyright 2010-2017 IAR Systems AB.
#
#    Output file  =  
#        C:\Users\Vova\bars\dev\soft\bars_stm_test\Debug\Exe\bars_stm_test.out
#    Map file     =  
#        C:\Users\Vova\bars\dev\soft\bars_stm_test\Debug\List\bars_stm_test.map
#    Command line =  
#        -f C:\Users\Vova\AppData\Local\Temp\EW4531.tmp
#        (C:\Users\Vova\bars\dev\soft\bars_stm_test\Debug\Obj\delay.o
#        C:\Users\Vova\bars\dev\soft\bars_stm_test\Debug\Obj\main.o
#        C:\Users\Vova\bars\dev\soft\bars_stm_test\Debug\Obj\stm8l15x_adc.o
#        C:\Users\Vova\bars\dev\soft\bars_stm_test\Debug\Obj\stm8l15x_aes.o
#        C:\Users\Vova\bars\dev\soft\bars_stm_test\Debug\Obj\stm8l15x_beep.o
#        C:\Users\Vova\bars\dev\soft\bars_stm_test\Debug\Obj\stm8l15x_clk.o
#        C:\Users\Vova\bars\dev\soft\bars_stm_test\Debug\Obj\stm8l15x_comp.o
#        C:\Users\Vova\bars\dev\soft\bars_stm_test\Debug\Obj\stm8l15x_dac.o
#        C:\Users\Vova\bars\dev\soft\bars_stm_test\Debug\Obj\stm8l15x_dma.o
#        C:\Users\Vova\bars\dev\soft\bars_stm_test\Debug\Obj\stm8l15x_exti.o
#        C:\Users\Vova\bars\dev\soft\bars_stm_test\Debug\Obj\stm8l15x_flash.o
#        C:\Users\Vova\bars\dev\soft\bars_stm_test\Debug\Obj\stm8l15x_gpio.o
#        C:\Users\Vova\bars\dev\soft\bars_stm_test\Debug\Obj\stm8l15x_i2c.o
#        C:\Users\Vova\bars\dev\soft\bars_stm_test\Debug\Obj\stm8l15x_irtim.o
#        C:\Users\Vova\bars\dev\soft\bars_stm_test\Debug\Obj\stm8l15x_it.o
#        C:\Users\Vova\bars\dev\soft\bars_stm_test\Debug\Obj\stm8l15x_itc.o
#        C:\Users\Vova\bars\dev\soft\bars_stm_test\Debug\Obj\stm8l15x_iwdg.o
#        C:\Users\Vova\bars\dev\soft\bars_stm_test\Debug\Obj\stm8l15x_lcd.o
#        C:\Users\Vova\bars\dev\soft\bars_stm_test\Debug\Obj\stm8l15x_pwr.o
#        C:\Users\Vova\bars\dev\soft\bars_stm_test\Debug\Obj\stm8l15x_rst.o
#        C:\Users\Vova\bars\dev\soft\bars_stm_test\Debug\Obj\stm8l15x_rtc.o
#        C:\Users\Vova\bars\dev\soft\bars_stm_test\Debug\Obj\stm8l15x_spi.o
#        C:\Users\Vova\bars\dev\soft\bars_stm_test\Debug\Obj\stm8l15x_syscfg.o
#        C:\Users\Vova\bars\dev\soft\bars_stm_test\Debug\Obj\stm8l15x_tim1.o
#        C:\Users\Vova\bars\dev\soft\bars_stm_test\Debug\Obj\stm8l15x_tim2.o
#        C:\Users\Vova\bars\dev\soft\bars_stm_test\Debug\Obj\stm8l15x_tim3.o
#        C:\Users\Vova\bars\dev\soft\bars_stm_test\Debug\Obj\stm8l15x_tim4.o
#        C:\Users\Vova\bars\dev\soft\bars_stm_test\Debug\Obj\stm8l15x_tim5.o
#        C:\Users\Vova\bars\dev\soft\bars_stm_test\Debug\Obj\stm8l15x_usart.o
#        C:\Users\Vova\bars\dev\soft\bars_stm_test\Debug\Obj\stm8l15x_wfe.o
#        C:\Users\Vova\bars\dev\soft\bars_stm_test\Debug\Obj\stm8l15x_wwdg.o
#        C:\Users\Vova\bars\dev\soft\bars_stm_test\Debug\Obj\tools.o --redirect
#        _Printf=_PrintfFullNoMb --redirect _Scanf=_ScanfFullNoMb -o
#        C:\Users\Vova\bars\dev\soft\bars_stm_test\Debug\Exe\bars_stm_test.out
#        --map
#        C:\Users\Vova\bars\dev\soft\bars_stm_test\Debug\List\bars_stm_test.map
#        --config "C:\Program Files (x86)\IAR Systems\Embedded Workbench
#        8.0\stm8\config\lnkstm8l052c6.icf" --config_def _CSTACK_SIZE=0x200
#        --config_def _HEAP_SIZE=0x1000 --entry __iar_program_start
#        --debug_lib)
#
###############################################################################

*******************************************************************************
*** RUNTIME MODEL ATTRIBUTES
***

__SystemLibrary            = DLib
__code_model               = small
__core                     = stm8
__data_model               = medium
__dlib_file_descriptor     = 0
__dlib_full_locale_support = 0
__rt_version               = 4


*******************************************************************************
*** PLACEMENT SUMMARY
***

"A0":  place at start of [0x000000-0x0000ff] { rw section .vregs };
"A1":  place at end of [0x000000-0x0007ff] { block CSTACK };
"A2":  place at start of [0x008000-0x00ffff] { block INTVEC };
"P3":  place in [from 0x008000 to 0x00ffff] {
          ro section __DLIB_PERTHREAD_init, ro section .far.data_init,
          ro section .far_func.textrw_init, ro section .huge.data_init,
          ro section .huge_func.textrw_init, ro section .iar.init_table,
          ro section .init_array, ro section .near.data_init,
          ro section .near.rodata, ro section .near_func.text,
          ro section .near_func.textrw_init, ro section .tiny.data_init,
          ro section .tiny.rodata_init };
"P4":  place in [from 0x008000 to 0x00ffff] {
          ro section .far.rodata, ro section .far_func.text };
"P5":  place in [from 0x008000 to 0x00ffff] {
          ro section .huge.rodata, ro section .huge_func.text };
do not initialize {
   rw section .eeprom.noinit, rw section .far.noinit, rw section .huge.noinit,
   rw section .near.noinit, rw section .tiny.noinit, rw section .vregs };

  Section          Kind      Address   Size  Object
  -------          ----      -------   ----  ------
"A0":                                   0xc
  .vregs           uninit   0x000000    0xc  vregs.o [4]
                          - 0x00000c    0xc

"A1":                                 0x200
  CSTACK                    0x000600  0x200  <Block>
    CSTACK         uninit   0x000600  0x200  <Block tail>
                          - 0x000800  0x200

"A2":                                  0x80
  INTVEC                    0x008000   0x80  <Block>
    .intvec        const    0x008000   0x80  interrupt.o [4]
                          - 0x008080   0x80

"P3-P5":                              0x744
  .near_func.text  ro code  0x008080  0x10d  stm8l15x_exti.o [1]
  .near_func.text  ro code  0x00818d   0x98  stm8l15x_clk.o [1]
  .near_func.text  ro code  0x008225   0x8e  stm8l15x_gpio.o [1]
  .near_func.text  ro code  0x0082b3   0x89  stm8l15x_clk.o [1]
  .near_func.text  ro code  0x00833c   0x71  stm8l15x_it.o [1]
  .near_func.text  ro code  0x0083ad   0x71  stm8l15x_it.o [1]
  .near_func.text  ro code  0x00841e   0x71  vreg_util.o [4]
  .near_func.text  ro code  0x00848f   0x6a  main.o [1]
  .near_func.text  ro code  0x0084f9   0x60  delay.o [1]
  .near_func.text  ro code  0x008559   0x3d  stm8l15x_rtc.o [1]
  .near_func.text  ro code  0x008596   0x3b  stm8l15x_it.o [1]
  .near_func.text  ro code  0x0085d1   0x38  stm8l15x_rtc.o [1]
  .near_func.text  ro code  0x008609   0x36  main.o [1]
  .near_func.text  ro code  0x00863f   0x35  stm8l15x_it.o [1]
  .near_func.text  ro code  0x008674   0x23  stm8l15x_rtc.o [1]
  .near_func.text  ro code  0x008697   0x21  stm8l15x_exti.o [1]
  .near_func.text  ro code  0x0086b8   0x1e  stm8l15x_rtc.o [1]
  .near_func.text  ro code  0x0086d6   0x19  stm8l15x_it.o [1]
  .near_func.text  ro code  0x0086ef   0x15  stm8l15x_rtc.o [1]
  .near_func.text  ro code  0x008704   0x14  init.o [4]
  .near_func.text  ro code  0x008718   0x14  __dbg_xxexit.o [3]
  .near_func.text  ro code  0x00872c   0x13  stm8l15x_clk.o [1]
  .near_func.text  ro code  0x00873f   0x13  cstartup.o [4]
  .near_func.text  ro code  0x008752   0x12  stm8l15x_gpio.o [1]
  .near_func.text  ro code  0x008764    0xd  short.o [4]
  .near_func.text  ro code  0x008771    0xa  stm8l15x_clk.o [1]
  .near_func.text  ro code  0x00877b    0x9  stm8l15x_rtc.o [1]
  .near_func.text  ro code  0x008784    0x7  stm8l15x_gpio.o [1]
  .near_func.text  ro code  0x00878b    0x7  stm8l15x_gpio.o [1]
  .near_func.text  ro code  0x008792    0x5  cexit.o [4]
  .near_func.text  ro code  0x008797    0x4  stm8l15x_clk.o [1]
  .near_func.text  ro code  0x00879b    0x3  stm8l15x_gpio.o [1]
  .near_func.text  ro code  0x00879e    0x3  interrupt.o [4]
  .near_func.text  ro code  0x0087a1    0x3  low_level_init.o [4]
  .near_func.text  ro code  0x0087a4    0x3  exit.o [4]
  .near_func.text  ro code  0x0087a7    0x3  unhandled_exception.o [4]
  .near_func.text  ro code  0x0087aa    0x1  stm8l15x_it.o [1]
  .near_func.text  ro code  0x0087ab    0x1  stm8l15x_it.o [1]
  .near_func.text  ro code  0x0087ac    0x1  stm8l15x_it.o [1]
  .near_func.text  ro code  0x0087ad    0x1  stm8l15x_it.o [1]
  .near_func.text  ro code  0x0087ae    0x1  stm8l15x_it.o [1]
  .near_func.text  ro code  0x0087af    0x1  stm8l15x_it.o [1]
  .near_func.text  ro code  0x0087b0    0x1  stm8l15x_it.o [1]
  .near_func.text  ro code  0x0087b1    0x1  stm8l15x_it.o [1]
  .near_func.text  ro code  0x0087b2    0x1  stm8l15x_it.o [1]
  .near_func.text  ro code  0x0087b3    0x1  stm8l15x_it.o [1]
  .near_func.text  ro code  0x0087b4    0x1  stm8l15x_it.o [1]
  .near_func.text  ro code  0x0087b5    0x1  stm8l15x_it.o [1]
  .near_func.text  ro code  0x0087b6    0x1  stm8l15x_it.o [1]
  .near_func.text  ro code  0x0087b7    0x1  stm8l15x_it.o [1]
  .near_func.text  ro code  0x0087b8    0x1  stm8l15x_it.o [1]
  .near_func.text  ro code  0x0087b9    0x1  stm8l15x_it.o [1]
  .near_func.text  ro code  0x0087ba    0x1  stm8l15x_it.o [1]
  .near_func.text  ro code  0x0087bb    0x1  stm8l15x_it.o [1]
  .near_func.text  ro code  0x0087bc    0x1  stm8l15x_it.o [1]
  .near_func.text  ro code  0x0087bd    0x1  stm8l15x_it.o [1]
  .near_func.text  ro code  0x0087be    0x1  stm8l15x_it.o [1]
  .near_func.text  ro code  0x0087bf    0x1  stm8l15x_it.o [1]
  .near_func.text  ro code  0x0087c0    0x1  stm8l15x_it.o [1]
  .near_func.text  ro code  0x0087c1    0x1  stm8l15x_it.o [1]
  .near_func.text  ro code  0x0087c2    0x1  stm8l15x_it.o [1]
  .near_func.text  ro code  0x0087c3    0x1  __dbg_break.o [3]
                          - 0x0087c4  0x744



*******************************************************************************
*** MODULE SUMMARY
***

    Module                 ro code  ro data  rw data
    ------                 -------  -------  -------
C:\Users\Vova\bars\dev\soft\bars_stm_test\Debug\Obj: [1]
    delay.o                     96
    main.o                     160
    stm8l15x_clk.o             322
    stm8l15x_exti.o            302
    stm8l15x_gpio.o            177
    stm8l15x_it.o              388
    stm8l15x_rtc.o             212
    ------------------------------------------------
    Total:                   1 657

command line: [2]
    ------------------------------------------------
    Total:

dbgstm8smd.a: [3]
    __dbg_break.o                1
    __dbg_xxexit.o              20
    ------------------------------------------------
    Total:                      21

dlstm8smn.a: [4]
    cexit.o                      5
    cstartup.o                  19
    exit.o                       3
    init.o                      20
    interrupt.o                  3      128
    low_level_init.o             3
    short.o                     13
    unhandled_exception.o        3
    vreg_util.o                113
    vregs.o                                       12
    ------------------------------------------------
    Total:                     182      128       12

    Linker created                               512
----------------------------------------------------
    Grand Total:             1 860      128      524


*******************************************************************************
*** ENTRY LIST
***

Entry                      Address   Size  Type      Object
-----                      -------   ----  ----      ------
?b0                       0x000000         Data  Gb  vregs.o [4]
?b1                       0x000001         Data  Gb  vregs.o [4]
?b10                      0x00000a         Data  Gb  vregs.o [4]
?b11                      0x00000b         Data  Gb  vregs.o [4]
?b2                       0x000002         Data  Gb  vregs.o [4]
?b3                       0x000003         Data  Gb  vregs.o [4]
?b4                       0x000004         Data  Gb  vregs.o [4]
?b5                       0x000005         Data  Gb  vregs.o [4]
?b6                       0x000006         Data  Gb  vregs.o [4]
?b7                       0x000007         Data  Gb  vregs.o [4]
?b8                       0x000008         Data  Gb  vregs.o [4]
?b9                       0x000009         Data  Gb  vregs.o [4]
?e0                       0x000001         Data  Gb  vregs.o [4]
?e1                       0x000005         Data  Gb  vregs.o [4]
?e2                       0x000009         Data  Gb  vregs.o [4]
?epilogue_l2              0x00848b         Code  Gb  vreg_util.o [4]
?l0                       0x000000         Data  Gb  vregs.o [4]
?l1                       0x000004         Data  Gb  vregs.o [4]
?l2                       0x000008         Data  Gb  vregs.o [4]
?pop_l0                   0x008462         Code  Gb  vreg_util.o [4]
?pop_l1                   0x00846d         Code  Gb  vreg_util.o [4]
?pop_l2                   0x008478         Code  Gb  vreg_util.o [4]
?push_l0                  0x008436         Code  Gb  vreg_util.o [4]
?push_l1                  0x00843b         Code  Gb  vreg_util.o [4]
?push_l2                  0x008440         Code  Gb  vreg_util.o [4]
?push_w4                  0x00841e         Code  Gb  vreg_util.o [4]
?sll16_x_x_a              0x008764         Code  Gb  short.o [4]
?srl16_x_x_4              0x00876c         Code  Gb  short.o [4]
?w0                       0x000000         Data  Gb  vregs.o [4]
?w1                       0x000002         Data  Gb  vregs.o [4]
?w2                       0x000004         Data  Gb  vregs.o [4]
?w3                       0x000006         Data  Gb  vregs.o [4]
?w4                       0x000008         Data  Gb  vregs.o [4]
?w5                       0x00000a         Data  Gb  vregs.o [4]
ADC1_COMP_IRQHandler      0x0087b7    0x1  Code  Gb  stm8l15x_it.o [1]
CLK_GetFlagStatus         0x00818d   0x98  Code  Gb  stm8l15x_clk.o [1]
CLK_GetSYSCLKSource       0x008797    0x4  Code  Gb  stm8l15x_clk.o [1]
CLK_LSEConfig             0x00872c   0x13  Code  Gb  stm8l15x_clk.o [1]
CLK_PeripheralClockConfig
                          0x0082b3   0x89  Code  Gb  stm8l15x_clk.o [1]
CLK_RTCClockConfig        0x008771    0xa  Code  Gb  stm8l15x_clk.o [1]
CSTACK$$Base              0x000600          --   Gb  - Linker created -
CSTACK$$Limit             0x000800          --   Gb  - Linker created -
DMA1_CHANNEL0_1_IRQHandler
                          0x0087ac    0x1  Code  Gb  stm8l15x_it.o [1]
DMA1_CHANNEL2_3_IRQHandler
                          0x0087ad    0x1  Code  Gb  stm8l15x_it.o [1]
EXTI0_IRQHandler          0x0087b1    0x1  Code  Gb  stm8l15x_it.o [1]
EXTI1_IRQHandler          0x0086d6   0x19  Code  Gb  stm8l15x_it.o [1]
EXTI2_IRQHandler          0x0087b2    0x1  Code  Gb  stm8l15x_it.o [1]
EXTI3_IRQHandler          0x0087b3    0x1  Code  Gb  stm8l15x_it.o [1]
EXTI4_IRQHandler          0x0087b4    0x1  Code  Gb  stm8l15x_it.o [1]
EXTI5_IRQHandler          0x00863f   0x35  Code  Gb  stm8l15x_it.o [1]
EXTI6_IRQHandler          0x00833c   0x71  Code  Gb  stm8l15x_it.o [1]
EXTI7_IRQHandler          0x0083ad   0x71  Code  Gb  stm8l15x_it.o [1]
EXTIB_G_IRQHandler        0x0087af    0x1  Code  Gb  stm8l15x_it.o [1]
EXTID_H_IRQHandler        0x0087b0    0x1  Code  Gb  stm8l15x_it.o [1]
EXTIE_F_PVD_IRQHandler    0x0087ae    0x1  Code  Gb  stm8l15x_it.o [1]
EXTI_ClearITPendingBit    0x008697   0x21  Code  Gb  stm8l15x_exti.o [1]
EXTI_SetPinSensitivity    0x008080  0x10d  Code  Gb  stm8l15x_exti.o [1]
FLASH_IRQHandler          0x0087ab    0x1  Code  Gb  stm8l15x_it.o [1]
GPIO_Init                 0x008225   0x8e  Code  Gb  stm8l15x_gpio.o [1]
GPIO_ReadInputData        0x00879b    0x3  Code  Gb  stm8l15x_gpio.o [1]
GPIO_ReadInputDataBit     0x00878b    0x7  Code  Gb  stm8l15x_gpio.o [1]
GPIO_ToggleBits           0x008784    0x7  Code  Gb  stm8l15x_gpio.o [1]
GPIO_WriteBit             0x008752   0x12  Code  Gb  stm8l15x_gpio.o [1]
I2C1_SPI2_IRQHandler      0x0087c2    0x1  Code  Gb  stm8l15x_it.o [1]
INTVEC$$Base              0x008000          --   Gb  - Linker created -
INTVEC$$Limit             0x008080          --   Gb  - Linker created -
LCD_AES_IRQHandler        0x0087b5    0x1  Code  Gb  stm8l15x_it.o [1]
RTC_CSSLSE_IRQHandler     0x008596   0x3b  Code  Gb  stm8l15x_it.o [1]
RTC_ClearITPendingBit     0x00877b    0x9  Code  Gb  stm8l15x_rtc.o [1]
RTC_GetWakeUpCounter      0x0086b8   0x1e  Code  Gb  stm8l15x_rtc.o [1]
RTC_ITConfig              0x0085d1   0x38  Code  Gb  stm8l15x_rtc.o [1]
RTC_SetWakeUpCounter      0x0086ef   0x15  Code  Gb  stm8l15x_rtc.o [1]
RTC_WakeUpClockConfig     0x008674   0x23  Code  Gb  stm8l15x_rtc.o [1]
RTC_WakeUpCmd             0x008559   0x3d  Code  Gb  stm8l15x_rtc.o [1]
RTC_init                  0x008609   0x36  Code  Gb  main.o [1]
Region$$Table$$Base     0x00000000          --   Gb  - Linker created -
Region$$Table$$Limit    0x00000000          --   Gb  - Linker created -
SPI1_IRQHandler           0x0087bf    0x1  Code  Gb  stm8l15x_it.o [1]
SWITCH_CSS_BREAK_DAC_IRQHandler
                          0x0087b6    0x1  Code  Gb  stm8l15x_it.o [1]
TIM1_CC_IRQHandler        0x0087bd    0x1  Code  Gb  stm8l15x_it.o [1]
TIM1_UPD_OVF_TRG_COM_IRQHandler
                          0x0087bc    0x1  Code  Gb  stm8l15x_it.o [1]
TIM2_CC_USART2_RX_IRQHandler
                          0x0087b9    0x1  Code  Gb  stm8l15x_it.o [1]
TIM2_UPD_OVF_TRG_BRK_USART2_TX_IRQHandler
                          0x0087b8    0x1  Code  Gb  stm8l15x_it.o [1]
TIM3_CC_USART3_RX_IRQHandler
                          0x0087bb    0x1  Code  Gb  stm8l15x_it.o [1]
TIM3_UPD_OVF_TRG_BRK_USART3_TX_IRQHandler
                          0x0087ba    0x1  Code  Gb  stm8l15x_it.o [1]
TIM4_UPD_OVF_TRG_IRQHandler
                          0x0087be    0x1  Code  Gb  stm8l15x_it.o [1]
TRAP_IRQHandler           0x0087aa    0x1  Code  Gb  stm8l15x_it.o [1]
USART1_RX_TIM5_CC_IRQHandler
                          0x0087c1    0x1  Code  Gb  stm8l15x_it.o [1]
USART1_TX_TIM5_UPD_OVF_TRG_BRK_IRQHandler
                          0x0087c0    0x1  Code  Gb  stm8l15x_it.o [1]
__DebugBreak              0x0087c3    0x1  Code  Gb  __dbg_break.o [3]
__exit                    0x008718   0x14  Code  Gb  __dbg_xxexit.o [3]
__iar_data_init2          0x008704   0x14  Code  Gb  init.o [4]
__iar_program_start       0x00873f         Code  Gb  cstartup.o [4]
__iar_unhandled_exception
                          0x0087a7         Code  Gb  unhandled_exception.o [4]
__intvec                  0x008000         Data  Gb  interrupt.o [4]
__low_level_init          0x0087a1    0x3  Code  Gb  low_level_init.o [4]
_exit                     0x008792         Code  Gb  cexit.o [4]
_interrupt_1              0x0087aa         Code  Gb  stm8l15x_it.o [1]
_interrupt_10             0x0087b1         Code  Gb  stm8l15x_it.o [1]
_interrupt_11             0x0086d6         Code  Gb  stm8l15x_it.o [1]
_interrupt_12             0x0087b2         Code  Gb  stm8l15x_it.o [1]
_interrupt_13             0x0087b3         Code  Gb  stm8l15x_it.o [1]
_interrupt_14             0x0087b4         Code  Gb  stm8l15x_it.o [1]
_interrupt_15             0x00863f         Code  Gb  stm8l15x_it.o [1]
_interrupt_16             0x00833c         Code  Gb  stm8l15x_it.o [1]
_interrupt_17             0x0083ad         Code  Gb  stm8l15x_it.o [1]
_interrupt_18             0x0087b5         Code  Gb  stm8l15x_it.o [1]
_interrupt_19             0x0087b6         Code  Gb  stm8l15x_it.o [1]
_interrupt_20             0x0087b7         Code  Gb  stm8l15x_it.o [1]
_interrupt_21             0x0087b8         Code  Gb  stm8l15x_it.o [1]
_interrupt_22             0x0087b9         Code  Gb  stm8l15x_it.o [1]
_interrupt_23             0x0087ba         Code  Gb  stm8l15x_it.o [1]
_interrupt_24             0x0087bb         Code  Gb  stm8l15x_it.o [1]
_interrupt_25             0x0087bc         Code  Gb  stm8l15x_it.o [1]
_interrupt_26             0x0087bd         Code  Gb  stm8l15x_it.o [1]
_interrupt_27             0x0087be         Code  Gb  stm8l15x_it.o [1]
_interrupt_28             0x0087bf         Code  Gb  stm8l15x_it.o [1]
_interrupt_29             0x0087c0         Code  Gb  stm8l15x_it.o [1]
_interrupt_3              0x0087ab         Code  Gb  stm8l15x_it.o [1]
_interrupt_30             0x0087c1         Code  Gb  stm8l15x_it.o [1]
_interrupt_31             0x0087c2         Code  Gb  stm8l15x_it.o [1]
_interrupt_4              0x0087ac         Code  Gb  stm8l15x_it.o [1]
_interrupt_5              0x0087ad         Code  Gb  stm8l15x_it.o [1]
_interrupt_6              0x008596         Code  Gb  stm8l15x_it.o [1]
_interrupt_7              0x0087ae         Code  Gb  stm8l15x_it.o [1]
_interrupt_8              0x0087af         Code  Gb  stm8l15x_it.o [1]
_interrupt_9              0x0087b0         Code  Gb  stm8l15x_it.o [1]
delay_ms                  0x0084f9   0x60  Code  Gb  delay.o [1]
exit                      0x0087a4    0x3  Code  Gb  exit.o [4]
main                      0x00848f   0x6a  Code  Gb  main.o [1]


[1] = C:\Users\Vova\bars\dev\soft\bars_stm_test\Debug\Obj
[2] = command line
[3] = dbgstm8smd.a
[4] = dlstm8smn.a

  1 860 bytes of readonly  code memory
    128 bytes of readonly  data memory
    524 bytes of readwrite data memory

Errors: none
Warnings: none
