###############################################################################
#
# IAR ELF Linker V3.10.1.201 for STM8                     06/Nov/2018  12:06:01
# Copyright 2010-2017 IAR Systems AB.
#
#    Output file  =  C:\Users\Vova\bars\dev\soft\sensor\Debug\Exe\sensor.out
#    Map file     =  C:\Users\Vova\bars\dev\soft\sensor\Debug\List\sensor.map
#    Command line =  
#        -f C:\Users\Vova\AppData\Local\Temp\EW4DB6.tmp
#        (C:\Users\Vova\bars\dev\soft\sensor\Debug\Obj\delay.o
#        C:\Users\Vova\bars\dev\soft\sensor\Debug\Obj\main.o
#        C:\Users\Vova\bars\dev\soft\sensor\Debug\Obj\stm8l15x_adc.o
#        C:\Users\Vova\bars\dev\soft\sensor\Debug\Obj\stm8l15x_aes.o
#        C:\Users\Vova\bars\dev\soft\sensor\Debug\Obj\stm8l15x_beep.o
#        C:\Users\Vova\bars\dev\soft\sensor\Debug\Obj\stm8l15x_clk.o
#        C:\Users\Vova\bars\dev\soft\sensor\Debug\Obj\stm8l15x_comp.o
#        C:\Users\Vova\bars\dev\soft\sensor\Debug\Obj\stm8l15x_dac.o
#        C:\Users\Vova\bars\dev\soft\sensor\Debug\Obj\stm8l15x_dma.o
#        C:\Users\Vova\bars\dev\soft\sensor\Debug\Obj\stm8l15x_exti.o
#        C:\Users\Vova\bars\dev\soft\sensor\Debug\Obj\stm8l15x_flash.o
#        C:\Users\Vova\bars\dev\soft\sensor\Debug\Obj\stm8l15x_gpio.o
#        C:\Users\Vova\bars\dev\soft\sensor\Debug\Obj\stm8l15x_i2c.o
#        C:\Users\Vova\bars\dev\soft\sensor\Debug\Obj\stm8l15x_irtim.o
#        C:\Users\Vova\bars\dev\soft\sensor\Debug\Obj\stm8l15x_it.o
#        C:\Users\Vova\bars\dev\soft\sensor\Debug\Obj\stm8l15x_itc.o
#        C:\Users\Vova\bars\dev\soft\sensor\Debug\Obj\stm8l15x_iwdg.o
#        C:\Users\Vova\bars\dev\soft\sensor\Debug\Obj\stm8l15x_lcd.o
#        C:\Users\Vova\bars\dev\soft\sensor\Debug\Obj\stm8l15x_pwr.o
#        C:\Users\Vova\bars\dev\soft\sensor\Debug\Obj\stm8l15x_rst.o
#        C:\Users\Vova\bars\dev\soft\sensor\Debug\Obj\stm8l15x_rtc.o
#        C:\Users\Vova\bars\dev\soft\sensor\Debug\Obj\stm8l15x_spi.o
#        C:\Users\Vova\bars\dev\soft\sensor\Debug\Obj\stm8l15x_syscfg.o
#        C:\Users\Vova\bars\dev\soft\sensor\Debug\Obj\stm8l15x_tim1.o
#        C:\Users\Vova\bars\dev\soft\sensor\Debug\Obj\stm8l15x_tim2.o
#        C:\Users\Vova\bars\dev\soft\sensor\Debug\Obj\stm8l15x_tim3.o
#        C:\Users\Vova\bars\dev\soft\sensor\Debug\Obj\stm8l15x_tim4.o
#        C:\Users\Vova\bars\dev\soft\sensor\Debug\Obj\stm8l15x_tim5.o
#        C:\Users\Vova\bars\dev\soft\sensor\Debug\Obj\stm8l15x_usart.o
#        C:\Users\Vova\bars\dev\soft\sensor\Debug\Obj\stm8l15x_wfe.o
#        C:\Users\Vova\bars\dev\soft\sensor\Debug\Obj\stm8l15x_wwdg.o
#        C:\Users\Vova\bars\dev\soft\sensor\Debug\Obj\stm8l_discovery_lcd.o
#        C:\Users\Vova\bars\dev\soft\sensor\Debug\Obj\tools.o --redirect
#        _Printf=_PrintfFullNoMb --redirect _Scanf=_ScanfFullNoMb -o
#        C:\Users\Vova\bars\dev\soft\sensor\Debug\Exe\sensor.out --map
#        C:\Users\Vova\bars\dev\soft\sensor\Debug\List\sensor.map --config
#        "C:\Program Files (x86)\IAR Systems\Embedded Workbench
#        8.0\stm8\config\lnkstm8l152c6.icf" --config_def _CSTACK_SIZE=0x100
#        --config_def _HEAP_SIZE=0x100 --entry __iar_program_start --debug_lib)
#
###############################################################################

*******************************************************************************
*** RUNTIME MODEL ATTRIBUTES
***

__SystemLibrary            = DLib
__code_model               = small
__core                     = stm8
__data_model               = medium
__dlib_file_descriptor     = 0
__dlib_full_locale_support = 0
__rt_version               = 4


*******************************************************************************
*** PLACEMENT SUMMARY
***

"A0":  place at start of [0x000000-0x0000ff] { rw section .vregs };
"A1":  place at end of [0x000000-0x0007ff] { block CSTACK };
"P2":  place in [from 0x000000 to 0x0007ff] {
          block HEAP, rw section __DLIB_PERTHREAD, rw section .far.bss,
          rw section .far.data, rw section .far.noinit,
          rw section .far_func.textrw, rw section .huge.bss,
          rw section .huge.data, rw section .huge.noinit,
          rw section .huge_func.textrw, rw section .iar.dynexit,
          rw section .near.bss, rw section .near.data, rw section .near.noinit,
          rw section .near_func.textrw };
"A2":  place at start of [0x008000-0x00ffff] { block INTVEC };
"P3":  place in [from 0x008000 to 0x00ffff] {
          ro section __DLIB_PERTHREAD_init, ro section .far.data_init,
          ro section .far_func.textrw_init, ro section .huge.data_init,
          ro section .huge_func.textrw_init, ro section .iar.init_table,
          ro section .init_array, ro section .near.data_init,
          ro section .near.rodata, ro section .near_func.text,
          ro section .near_func.textrw_init, ro section .tiny.data_init,
          ro section .tiny.rodata_init };
"P4":  place in [from 0x008000 to 0x00ffff] {
          ro section .far.rodata, ro section .far_func.text };
"P5":  place in [from 0x008000 to 0x00ffff] {
          ro section .huge.rodata, ro section .huge_func.text };
do not initialize {
   rw section .eeprom.noinit, rw section .far.noinit, rw section .huge.noinit,
   rw section .near.noinit, rw section .tiny.noinit, rw section .vregs };
initialize by copy {
   rw section .far.bss, rw section .far.data, rw section .far_func.textrw,
   rw section .huge.bss, rw section .huge.data, rw section .huge_func.textrw,
   rw section .iar.dynexit, rw section .near.bss, rw section .near.data,
   rw section .near_func.textrw, rw section .tiny.bss, rw section .tiny.data,
   ro section .tiny.rodata };

  Section            Kind      Address   Size  Object
  -------            ----      -------   ----  ------
"A0":                                    0x10
  .vregs             uninit   0x000000   0x10  vregs.o [4]
                            - 0x000010   0x10

"P2":                                     0x3
  P2-1                        0x000010    0x3  <Init block>
    .near.data       inited   0x000010    0x1  main.o [1]
    .near.bss        inited   0x000011    0x2  stm8l15x_it.o [1]
                            - 0x000013    0x3

"A1":                                   0x100
  CSTACK                      0x000700  0x100  <Block>
    CSTACK           uninit   0x000700  0x100  <Block tail>
                            - 0x000800  0x100

"A2":                                    0x80
  INTVEC                      0x008000   0x80  <Block>
    .intvec          const    0x008000   0x80  interrupt.o [4]
                            - 0x008080   0x80

"P3-P5":                                0xfb3
  .near_func.text    ro code  0x008080  0x196  stm8l15x_it.o [1]
  .near_func.text    ro code  0x008216  0x113  stm8l15x_itc.o [1]
  .near_func.text    ro code  0x008329  0x10d  stm8l15x_exti.o [1]
  .near_func.text    ro code  0x008436  0x106  vreg_util.o [4]
  .near_func.text    ro code  0x00853c   0xf8  stm8l15x_rtc.o [1]
  .near_func.text    ro code  0x008634   0x98  main.o [1]
  .near_func.text    ro code  0x0086cc   0x8e  stm8l15x_gpio.o [1]
  .near_func.text    ro code  0x00875a   0x8a  main.o [1]
  .near_func.text    ro code  0x0087e4   0x89  stm8l15x_clk.o [1]
  .near_func.text    ro code  0x00886d   0x7a  stm8l15x_it.o [1]
  .near_func.text    ro code  0x0088e7   0x6a  stm8l15x_it.o [1]
  .near_func.text    ro code  0x008951   0x6a  stm8l15x_it.o [1]
  .near_func.text    ro code  0x0089bb   0x67  stm8l15x_it.o [1]
  .near_func.text    ro code  0x008a22   0x66  stm8l15x_it.o [1]
  .near_func.text    ro code  0x008a88   0x66  tools.o [1]
  .near_func.text    ro code  0x008aee   0x60  delay.o [1]
  .near_func.text    ro code  0x008b4e   0x56  long.o [4]
  .near_func.text    ro code  0x008ba4   0x54  main.o [1]
  .near_func.text    ro code  0x008bf8   0x44  tools.o [1]
  .near_func.text    ro code  0x008c3c   0x42  tools.o [1]
  .near_func.text    ro code  0x008c7e   0x41  stm8l15x_spi.o [1]
  .near_func.text    ro code  0x008cbf   0x3d  stm8l15x_rtc.o [1]
  .near_func.text    ro code  0x008cfc   0x38  stm8l15x_rtc.o [1]
  .near_func.text    ro code  0x008d34   0x34  stm8l15x_rtc.o [1]
  .near_func.text    ro code  0x008d68   0x32  short.o [4]
  .near_func.text    ro code  0x008d9a   0x29  main.o [1]
  .near_func.text    ro code  0x008dc3   0x28  init_small.o [4]
  .near_func.text    ro code  0x008deb   0x24  stm8l15x_it.o [1]
  .near_func.text    ro code  0x008e0f   0x23  stm8l15x_rtc.o [1]
  .near_func.text    ro code  0x008e32   0x22  stm8l15x_rtc.o [1]
  .near_func.text    ro code  0x008e54   0x21  stm8l15x_exti.o [1]
  .iar.init_table    const    0x008e75    0xa  - Linker created -
  .near_func.text    ro code  0x008e7f   0x1f  main.o [1]
  .near_func.text    ro code  0x008e9e   0x1f  memcpy.o [4]
  .near_func.text    ro code  0x008ebd   0x1a  stm8l15x_spi.o [1]
  .near_func.text    ro code  0x008ed7   0x19  stm8l15x_flash.o [1]
  .near_func.text    ro code  0x008ef0   0x19  stm8l15x_spi.o [1]
  .near_func.text    ro code  0x008f09   0x18  stm8l15x_flash.o [1]
  .near_func.text    ro code  0x008f21   0x18  stm8l15x_it.o [1]
  .near_func.text    ro code  0x008f39   0x15  stm8l15x_rtc.o [1]
  .near_func.text    ro code  0x008f4e   0x14  init.o [4]
  .near_func.text    ro code  0x008f62   0x14  __dbg_xxexit.o [3]
  .near_func.text    ro code  0x008f76   0x13  cstartup.o [4]
  .near_func.text    ro code  0x008f89   0x12  stm8l15x_gpio.o [1]
  .near_func.text    ro code  0x008f9b    0xe  long_util.o [4]
  .near_func.text    ro code  0x008fa9    0xd  move.o [4]
  .near_func.text    ro code  0x008fb6    0xb  stm8l15x_flash.o [1]
  .near_func.text    ro code  0x008fc1    0xb  dc_util.o [4]
  .near_func.text    ro code  0x008fcc    0x9  stm8l15x_rtc.o [1]
  .near_func.text    ro code  0x008fd5    0x9  tools.o [1]
  .near.rodata       const    0x008fde    0x8  stm8l15x_it.o [1]
  .near_func.text    ro code  0x008fe6    0x7  stm8l15x_gpio.o [1]
  .near_func.text    ro code  0x008fed    0x7  stm8l15x_gpio.o [1]
  .near_func.text    ro code  0x008ff4    0x5  char.o [4]
  .near_func.text    ro code  0x008ff9    0x5  cexit.o [4]
  .near_func.text    ro code  0x008ffe    0x4  stm8l15x_clk.o [1]
  .near_func.text    ro code  0x009002    0x4  stm8l15x_flash.o [1]
  .near_func.text    ro code  0x009006    0x4  stm8l15x_flash.o [1]
  .near_func.text    ro code  0x00900a    0x3  interrupt.o [4]
  .near_func.text    ro code  0x00900d    0x3  low_level_init.o [4]
  .near_func.text    ro code  0x009010    0x3  exit.o [4]
  .near_func.text    ro code  0x009013    0x3  unhandled_exception.o [4]
  Initializer bytes  const    0x009016    0x3  <for P2-1>
  .near_func.text    ro code  0x009019    0x1  main.o [1]
  .near_func.text    ro code  0x00901a    0x1  stm8l15x_it.o [1]
  .near_func.text    ro code  0x00901b    0x1  stm8l15x_it.o [1]
  .near_func.text    ro code  0x00901c    0x1  stm8l15x_it.o [1]
  .near_func.text    ro code  0x00901d    0x1  stm8l15x_it.o [1]
  .near_func.text    ro code  0x00901e    0x1  stm8l15x_it.o [1]
  .near_func.text    ro code  0x00901f    0x1  stm8l15x_it.o [1]
  .near_func.text    ro code  0x009020    0x1  stm8l15x_it.o [1]
  .near_func.text    ro code  0x009021    0x1  stm8l15x_it.o [1]
  .near_func.text    ro code  0x009022    0x1  stm8l15x_it.o [1]
  .near_func.text    ro code  0x009023    0x1  stm8l15x_it.o [1]
  .near_func.text    ro code  0x009024    0x1  stm8l15x_it.o [1]
  .near_func.text    ro code  0x009025    0x1  stm8l15x_it.o [1]
  .near_func.text    ro code  0x009026    0x1  stm8l15x_it.o [1]
  .near_func.text    ro code  0x009027    0x1  stm8l15x_it.o [1]
  .near_func.text    ro code  0x009028    0x1  stm8l15x_it.o [1]
  .near_func.text    ro code  0x009029    0x1  stm8l15x_it.o [1]
  .near_func.text    ro code  0x00902a    0x1  stm8l15x_it.o [1]
  .near_func.text    ro code  0x00902b    0x1  stm8l15x_it.o [1]
  .near_func.text    ro code  0x00902c    0x1  stm8l15x_it.o [1]
  .near_func.text    ro code  0x00902d    0x1  stm8l15x_it.o [1]
  .near_func.text    ro code  0x00902e    0x1  stm8l15x_it.o [1]
  .near_func.text    ro code  0x00902f    0x1  stm8l15x_it.o [1]
  .near_func.text    ro code  0x009030    0x1  stm8l15x_it.o [1]
  .near_func.text    ro code  0x009031    0x1  stm8l15x_it.o [1]
  .near_func.text    ro code  0x009032    0x1  __dbg_break.o [3]
                            - 0x009033  0xfb3


*******************************************************************************
*** INIT TABLE
***

          Address   Size
          -------   ----
Copy (__iar_copy_init2)
    1 source range, total size 0x3:
          0x009016   0x3
    1 destination range, total size 0x3:
          0x000010   0x3



*******************************************************************************
*** MODULE SUMMARY
***

    Module                 ro code  ro data  rw data
    ------                 -------  -------  -------
C:\Users\Vova\bars\dev\soft\sensor\Debug\Obj: [1]
    delay.o                     96
    main.o                     447        1        1
    stm8l15x_clk.o             141
    stm8l15x_exti.o            302
    stm8l15x_flash.o            68
    stm8l15x_gpio.o            174
    stm8l15x_it.o            1 029       10        2
    stm8l15x_itc.o             275
    stm8l15x_rtc.o             516
    stm8l15x_spi.o             116
    tools.o                    245
    ------------------------------------------------
    Total:                   3 409       11        3

command line: [2]
    ------------------------------------------------
    Total:

dbgstm8smd.a: [3]
    __dbg_break.o                1
    __dbg_xxexit.o              20
    ------------------------------------------------
    Total:                      21

dlstm8smn.a: [4]
    cexit.o                      5
    char.o                       5
    cstartup.o                  19
    dc_util.o                   11
    exit.o                       3
    init.o                      20
    init_small.o                40
    interrupt.o                  3      128
    long.o                      86
    long_util.o                 14
    low_level_init.o             3
    memcpy.o                    31
    move.o                      13
    short.o                     50
    unhandled_exception.o        3
    vreg_util.o                262
    vregs.o                                       16
    ------------------------------------------------
    Total:                     568      128       16

    Linker created                       10      256
----------------------------------------------------
    Grand Total:             3 998      149      275


*******************************************************************************
*** ENTRY LIST
***

Entry                    Address   Size  Type      Object
-----                    -------   ----  ----      ------
.iar.init_table$$Base   0x008e75          --   Gb  - Linker created -
.iar.init_table$$Limit  0x008e7f          --   Gb  - Linker created -
?add32_l0_l0_0x         0x008b69         Code  Gb  long.o [4]
?add32_l0_l0_dl         0x008b61         Code  Gb  long.o [4]
?add32_l0_l0_l1         0x008b66         Code  Gb  long.o [4]
?b0                     0x000000         Data  Gb  vregs.o [4]
?b1                     0x000001         Data  Gb  vregs.o [4]
?b10                    0x00000a         Data  Gb  vregs.o [4]
?b11                    0x00000b         Data  Gb  vregs.o [4]
?b12                    0x00000c         Data  Gb  vregs.o [4]
?b13                    0x00000d         Data  Gb  vregs.o [4]
?b14                    0x00000e         Data  Gb  vregs.o [4]
?b15                    0x00000f         Data  Gb  vregs.o [4]
?b2                     0x000002         Data  Gb  vregs.o [4]
?b3                     0x000003         Data  Gb  vregs.o [4]
?b4                     0x000004         Data  Gb  vregs.o [4]
?b5                     0x000005         Data  Gb  vregs.o [4]
?b6                     0x000006         Data  Gb  vregs.o [4]
?b7                     0x000007         Data  Gb  vregs.o [4]
?b8                     0x000008         Data  Gb  vregs.o [4]
?b9                     0x000009         Data  Gb  vregs.o [4]
?dc32_px                0x008fc1         Code  Gb  dc_util.o [4]
?e0                     0x000001         Data  Gb  vregs.o [4]
?e1                     0x000005         Data  Gb  vregs.o [4]
?e2                     0x000009         Data  Gb  vregs.o [4]
?e3                     0x00000d         Data  Gb  vregs.o [4]
?epilogue_l2            0x0084c5         Code  Gb  vreg_util.o [4]
?epilogue_l2_l3         0x0084c2         Code  Gb  vreg_util.o [4]
?epilogue_w4            0x0084c9         Code  Gb  vreg_util.o [4]
?inc32_0x_0x            0x008b53         Code  Gb  long.o [4]
?inc32_l0_l0            0x008b4e         Code  Gb  long.o [4]
?l0                     0x000000         Data  Gb  vregs.o [4]
?l1                     0x000004         Data  Gb  vregs.o [4]
?l2                     0x000008         Data  Gb  vregs.o [4]
?l3                     0x00000c         Data  Gb  vregs.o [4]
?load32_0x_l1           0x008f9b         Code  Gb  long_util.o [4]
?mov_e0_e1              0x0084d7         Code  Gb  vreg_util.o [4]
?mov_e0_e2              0x0084e4         Code  Gb  vreg_util.o [4]
?mov_e1_e0              0x0084f1         Code  Gb  vreg_util.o [4]
?mov_e1_e2              0x0084fe         Code  Gb  vreg_util.o [4]
?mov_e1_e3              0x00850b         Code  Gb  vreg_util.o [4]
?mov_e2_e0              0x008518         Code  Gb  vreg_util.o [4]
?mov_e3_e0              0x008525         Code  Gb  vreg_util.o [4]
?mov_e3_e1              0x008532         Code  Gb  vreg_util.o [4]
?mov_l0_l1              0x0084d4         Code  Gb  vreg_util.o [4]
?mov_l0_l2              0x0084e1         Code  Gb  vreg_util.o [4]
?mov_l1_l0              0x0084ee         Code  Gb  vreg_util.o [4]
?mov_l1_l2              0x0084fb         Code  Gb  vreg_util.o [4]
?mov_l1_l3              0x008508         Code  Gb  vreg_util.o [4]
?mov_l2_l0              0x008515         Code  Gb  vreg_util.o [4]
?mov_l3_l0              0x008522         Code  Gb  vreg_util.o [4]
?mov_l3_l1              0x00852f         Code  Gb  vreg_util.o [4]
?mov_w1_w3              0x0084da         Code  Gb  vreg_util.o [4]
?mov_w1_w5              0x0084e7         Code  Gb  vreg_util.o [4]
?mov_w2_w1              0x0084cd         Code  Gb  vreg_util.o [4]
?mov_w3_w1              0x0084f4         Code  Gb  vreg_util.o [4]
?mov_w3_w5              0x008501         Code  Gb  vreg_util.o [4]
?mov_w3_w7              0x00850e         Code  Gb  vreg_util.o [4]
?mov_w5_w1              0x00851b         Code  Gb  vreg_util.o [4]
?mov_w7_w1              0x008528         Code  Gb  vreg_util.o [4]
?mov_w7_w3              0x008535         Code  Gb  vreg_util.o [4]
?move1616_v_x_y_a       0x008fa9         Code  Gb  move.o [4]
?mul16_x_x_w0           0x008d68         Code  Gb  short.o [4]
?pop_l0                 0x00848e         Code  Gb  vreg_util.o [4]
?pop_l1                 0x008499         Code  Gb  vreg_util.o [4]
?pop_l2                 0x0084a4         Code  Gb  vreg_util.o [4]
?pop_l3                 0x0084af         Code  Gb  vreg_util.o [4]
?pop_w4                 0x00844e         Code  Gb  vreg_util.o [4]
?push_l0                0x00845d         Code  Gb  vreg_util.o [4]
?push_l1                0x008462         Code  Gb  vreg_util.o [4]
?push_l2                0x008467         Code  Gb  vreg_util.o [4]
?push_l3                0x00846c         Code  Gb  vreg_util.o [4]
?push_w4                0x008436         Code  Gb  vreg_util.o [4]
?sext16_x_a             0x008d93         Code  Gb  short.o [4]
?sext32_l0_x            0x008b99         Code  Gb  long.o [4]
?sll16_x_x_a            0x008d86         Code  Gb  short.o [4]
?sll8_a_a_5             0x008ff4         Code  Gb  char.o [4]
?srl16_x_x_4            0x008d8e         Code  Gb  short.o [4]
?sub32_l0_l0_0x         0x008b81         Code  Gb  long.o [4]
?w0                     0x000000         Data  Gb  vregs.o [4]
?w1                     0x000002         Data  Gb  vregs.o [4]
?w2                     0x000004         Data  Gb  vregs.o [4]
?w3                     0x000006         Data  Gb  vregs.o [4]
?w4                     0x000008         Data  Gb  vregs.o [4]
?w5                     0x00000a         Data  Gb  vregs.o [4]
?w6                     0x00000c         Data  Gb  vregs.o [4]
?w7                     0x00000e         Data  Gb  vregs.o [4]
ADC1_COMP_IRQHandler    0x009026    0x1  Code  Gb  stm8l15x_it.o [1]
ADC_init                0x009019    0x1  Code  Gb  main.o [1]
CLK_GetSYSCLKSource     0x008ffe    0x4  Code  Gb  stm8l15x_clk.o [1]
CLK_PeripheralClockConfig
                        0x0087e4   0x89  Code  Gb  stm8l15x_clk.o [1]
CSTACK$$Base            0x000700          --   Gb  - Linker created -
CSTACK$$Limit           0x000800          --   Gb  - Linker created -
DMA1_CHANNEL0_1_IRQHandler
                        0x00901c    0x1  Code  Gb  stm8l15x_it.o [1]
DMA1_CHANNEL2_3_IRQHandler
                        0x00901d    0x1  Code  Gb  stm8l15x_it.o [1]
EXTI0_IRQHandler        0x008f21   0x18  Code  Gb  stm8l15x_it.o [1]
EXTI1_IRQHandler        0x0088e7   0x6a  Code  Gb  stm8l15x_it.o [1]
EXTI2_IRQHandler        0x009021    0x1  Code  Gb  stm8l15x_it.o [1]
EXTI3_IRQHandler        0x009022    0x1  Code  Gb  stm8l15x_it.o [1]
EXTI4_IRQHandler        0x009023    0x1  Code  Gb  stm8l15x_it.o [1]
EXTI5_IRQHandler        0x008951   0x6a  Code  Gb  stm8l15x_it.o [1]
EXTI6_IRQHandler        0x00886d   0x7a  Code  Gb  stm8l15x_it.o [1]
EXTI7_IRQHandler        0x0089bb   0x67  Code  Gb  stm8l15x_it.o [1]
EXTIB_G_IRQHandler      0x00901f    0x1  Code  Gb  stm8l15x_it.o [1]
EXTID_H_IRQHandler      0x009020    0x1  Code  Gb  stm8l15x_it.o [1]
EXTIE_F_PVD_IRQHandler  0x00901e    0x1  Code  Gb  stm8l15x_it.o [1]
EXTI_ClearITPendingBit  0x008e54   0x21  Code  Gb  stm8l15x_exti.o [1]
EXTI_SetPinSensitivity  0x008329  0x10d  Code  Gb  stm8l15x_exti.o [1]
FLASH_GetFlagStatus     0x008f09   0x18  Code  Gb  stm8l15x_flash.o [1]
FLASH_IRQHandler        0x00901b    0x1  Code  Gb  stm8l15x_it.o [1]
FLASH_Lock              0x008fb6    0xb  Code  Gb  stm8l15x_flash.o [1]
FLASH_ProgramByte       0x009002    0x4  Code  Gb  stm8l15x_flash.o [1]
FLASH_ReadByte          0x009006    0x4  Code  Gb  stm8l15x_flash.o [1]
FLASH_Unlock            0x008ed7   0x19  Code  Gb  stm8l15x_flash.o [1]
GPIO_Init               0x0086cc   0x8e  Code  Gb  stm8l15x_gpio.o [1]
GPIO_ReadInputDataBit   0x008fed    0x7  Code  Gb  stm8l15x_gpio.o [1]
GPIO_ToggleBits         0x008fe6    0x7  Code  Gb  stm8l15x_gpio.o [1]
GPIO_WriteBit           0x008f89   0x12  Code  Gb  stm8l15x_gpio.o [1]
GPIO_init               0x008634   0x98  Code  Gb  main.o [1]
I2C1_SPI2_IRQHandler    0x009031    0x1  Code  Gb  stm8l15x_it.o [1]
INTVEC$$Base            0x008000          --   Gb  - Linker created -
INTVEC$$Limit           0x008080          --   Gb  - Linker created -
ITC_SetSoftwarePriority
                        0x008216  0x113  Code  Gb  stm8l15x_itc.o [1]
ITC_init                0x008d9a   0x29  Code  Gb  main.o [1]
LCD_AES_IRQHandler      0x009024    0x1  Code  Gb  stm8l15x_it.o [1]
RTC_CSSLSE_IRQHandler   0x008080  0x196  Code  Gb  stm8l15x_it.o [1]
RTC_ClearITPendingBit   0x008fcc    0x9  Code  Gb  stm8l15x_rtc.o [1]
RTC_DeInit              0x00853c   0xf8  Code  Gb  stm8l15x_rtc.o [1]
RTC_EnterInitMode       0x008e32   0x22  Code  Gb  stm8l15x_rtc.o [1]
RTC_ITConfig            0x008cfc   0x38  Code  Gb  stm8l15x_rtc.o [1]
RTC_SetWakeUpCounter    0x008f39   0x15  Code  Gb  stm8l15x_rtc.o [1]
RTC_WaitForSynchro      0x008d34   0x34  Code  Gb  stm8l15x_rtc.o [1]
RTC_WakeUpClockConfig   0x008e0f   0x23  Code  Gb  stm8l15x_rtc.o [1]
RTC_WakeUpCmd           0x008cbf   0x3d  Code  Gb  stm8l15x_rtc.o [1]
RTC_init                0x008e7f   0x1f  Code  Gb  main.o [1]
Region$$Table$$Base     0x008e75          --   Gb  - Linker created -
Region$$Table$$Limit    0x008e7f          --   Gb  - Linker created -
SPI1_IRQHandler         0x00902e    0x1  Code  Gb  stm8l15x_it.o [1]
SPI_Cmd                 0x008ebd    0xd  Code  Gb  stm8l15x_spi.o [1]
SPI_GetFlagStatus       0x008ef0   0x19  Code  Gb  stm8l15x_spi.o [1]
SPI_Init                0x008c7e   0x41  Code  Gb  stm8l15x_spi.o [1]
SPI_ReceiveData         0x008ed2    0x5  Code  Gb  stm8l15x_spi.o [1]
SPI_SendData            0x008eca    0x8  Code  Gb  stm8l15x_spi.o [1]
SPI_init                0x008ba4   0x54  Code  Gb  main.o [1]
SWITCH_CSS_BREAK_DAC_IRQHandler
                        0x009025    0x1  Code  Gb  stm8l15x_it.o [1]
TIM1_CC_IRQHandler      0x00902c    0x1  Code  Gb  stm8l15x_it.o [1]
TIM1_UPD_OVF_TRG_COM_IRQHandler
                        0x00902b    0x1  Code  Gb  stm8l15x_it.o [1]
TIM2_CC_USART2_RX_IRQHandler
                        0x009028    0x1  Code  Gb  stm8l15x_it.o [1]
TIM2_UPD_OVF_TRG_BRK_USART2_TX_IRQHandler
                        0x009027    0x1  Code  Gb  stm8l15x_it.o [1]
TIM3_CC_USART3_RX_IRQHandler
                        0x00902a    0x1  Code  Gb  stm8l15x_it.o [1]
TIM3_UPD_OVF_TRG_BRK_USART3_TX_IRQHandler
                        0x009029    0x1  Code  Gb  stm8l15x_it.o [1]
TIM4_UPD_OVF_TRG_IRQHandler
                        0x00902d    0x1  Code  Gb  stm8l15x_it.o [1]
TRAP_IRQHandler         0x00901a    0x1  Code  Gb  stm8l15x_it.o [1]
USART1_RX_TIM5_CC_IRQHandler
                        0x009030    0x1  Code  Gb  stm8l15x_it.o [1]
USART1_TX_TIM5_UPD_OVF_TRG_BRK_IRQHandler
                        0x00902f    0x1  Code  Gb  stm8l15x_it.o [1]
__DebugBreak            0x009032    0x1  Code  Gb  __dbg_break.o [3]
__exit                  0x008f62   0x14  Code  Gb  __dbg_xxexit.o [3]
__iar_copy_init2        0x008dc3         Code  Gb  init_small.o [4]
__iar_data_init2        0x008f4e   0x14  Code  Gb  init.o [4]
__iar_program_start     0x008f76         Code  Gb  cstartup.o [4]
__iar_unhandled_exception
                        0x009013         Code  Gb  unhandled_exception.o [4]
__intvec                0x008000         Data  Gb  interrupt.o [4]
__low_level_init        0x00900d    0x3  Code  Gb  low_level_init.o [4]
_exit                   0x008ff9         Code  Gb  cexit.o [4]
_interrupt_1            0x00901a         Code  Gb  stm8l15x_it.o [1]
_interrupt_10           0x008f21         Code  Gb  stm8l15x_it.o [1]
_interrupt_11           0x0088e7         Code  Gb  stm8l15x_it.o [1]
_interrupt_12           0x009021         Code  Gb  stm8l15x_it.o [1]
_interrupt_13           0x009022         Code  Gb  stm8l15x_it.o [1]
_interrupt_14           0x009023         Code  Gb  stm8l15x_it.o [1]
_interrupt_15           0x008951         Code  Gb  stm8l15x_it.o [1]
_interrupt_16           0x00886d         Code  Gb  stm8l15x_it.o [1]
_interrupt_17           0x0089bb         Code  Gb  stm8l15x_it.o [1]
_interrupt_18           0x009024         Code  Gb  stm8l15x_it.o [1]
_interrupt_19           0x009025         Code  Gb  stm8l15x_it.o [1]
_interrupt_20           0x009026         Code  Gb  stm8l15x_it.o [1]
_interrupt_21           0x009027         Code  Gb  stm8l15x_it.o [1]
_interrupt_22           0x009028         Code  Gb  stm8l15x_it.o [1]
_interrupt_23           0x009029         Code  Gb  stm8l15x_it.o [1]
_interrupt_24           0x00902a         Code  Gb  stm8l15x_it.o [1]
_interrupt_25           0x00902b         Code  Gb  stm8l15x_it.o [1]
_interrupt_26           0x00902c         Code  Gb  stm8l15x_it.o [1]
_interrupt_27           0x00902d         Code  Gb  stm8l15x_it.o [1]
_interrupt_28           0x00902e         Code  Gb  stm8l15x_it.o [1]
_interrupt_29           0x00902f         Code  Gb  stm8l15x_it.o [1]
_interrupt_3            0x00901b         Code  Gb  stm8l15x_it.o [1]
_interrupt_30           0x009030         Code  Gb  stm8l15x_it.o [1]
_interrupt_31           0x009031         Code  Gb  stm8l15x_it.o [1]
_interrupt_4            0x00901c         Code  Gb  stm8l15x_it.o [1]
_interrupt_5            0x00901d         Code  Gb  stm8l15x_it.o [1]
_interrupt_6            0x008080         Code  Gb  stm8l15x_it.o [1]
_interrupt_7            0x00901e         Code  Gb  stm8l15x_it.o [1]
_interrupt_8            0x00901f         Code  Gb  stm8l15x_it.o [1]
_interrupt_9            0x009020         Code  Gb  stm8l15x_it.o [1]
convertBattState        0x008deb   0x24  Code  Gb  stm8l15x_it.o [1]
delay_ms                0x008aee   0x60  Code  Gb  delay.o [1]
exit                    0x009010    0x3  Code  Gb  exit.o [4]
flash_read_int32        0x008a88   0x66  Code  Gb  tools.o [1]
flash_write_int32       0x008bf8   0x44  Code  Gb  tools.o [1]
get_spi_response        0x008a22   0x66  Code  Gb  stm8l15x_it.o [1]
main                    0x00875a   0x8a  Code  Gb  main.o [1]
mcu_state               0x000010    0x1  Data  Gb  main.o [1]
memcpy                  0x008e9e   0x1f  Code  Gb  memcpy.o [4]
raw_response            0x000011    0x2  Data  Gb  stm8l15x_it.o [1]
readBattADC             0x008fd5    0x9  Code  Gb  tools.o [1]
spi_exchange            0x008c3c   0x42  Code  Gb  tools.o [1]


[1] = C:\Users\Vova\bars\dev\soft\sensor\Debug\Obj
[2] = command line
[3] = dbgstm8smd.a
[4] = dlstm8smn.a

  3 998 bytes of readonly  code memory
    149 bytes of readonly  data memory
    275 bytes of readwrite data memory

Errors: none
Warnings: none
