###############################################################################
#
# IAR ELF Linker V3.10.1.201 for STM8                     29/Nov/2018  11:01:22
# Copyright 2010-2017 IAR Systems AB.
#
#    Output file  =  C:\Users\Vova\bars\dev\soft\sensor\Debug\Exe\sensor.out
#    Map file     =  C:\Users\Vova\bars\dev\soft\sensor\Debug\List\sensor.map
#    Command line =  
#        -f C:\Users\Vova\AppData\Local\Temp\EWAE12.tmp
#        (C:\Users\Vova\bars\dev\soft\sensor\Debug\Obj\delay.o
#        C:\Users\Vova\bars\dev\soft\sensor\Debug\Obj\main.o
#        C:\Users\Vova\bars\dev\soft\sensor\Debug\Obj\stm8l15x_adc.o
#        C:\Users\Vova\bars\dev\soft\sensor\Debug\Obj\stm8l15x_aes.o
#        C:\Users\Vova\bars\dev\soft\sensor\Debug\Obj\stm8l15x_beep.o
#        C:\Users\Vova\bars\dev\soft\sensor\Debug\Obj\stm8l15x_clk.o
#        C:\Users\Vova\bars\dev\soft\sensor\Debug\Obj\stm8l15x_comp.o
#        C:\Users\Vova\bars\dev\soft\sensor\Debug\Obj\stm8l15x_dac.o
#        C:\Users\Vova\bars\dev\soft\sensor\Debug\Obj\stm8l15x_dma.o
#        C:\Users\Vova\bars\dev\soft\sensor\Debug\Obj\stm8l15x_exti.o
#        C:\Users\Vova\bars\dev\soft\sensor\Debug\Obj\stm8l15x_flash.o
#        C:\Users\Vova\bars\dev\soft\sensor\Debug\Obj\stm8l15x_gpio.o
#        C:\Users\Vova\bars\dev\soft\sensor\Debug\Obj\stm8l15x_i2c.o
#        C:\Users\Vova\bars\dev\soft\sensor\Debug\Obj\stm8l15x_irtim.o
#        C:\Users\Vova\bars\dev\soft\sensor\Debug\Obj\stm8l15x_it.o
#        C:\Users\Vova\bars\dev\soft\sensor\Debug\Obj\stm8l15x_itc.o
#        C:\Users\Vova\bars\dev\soft\sensor\Debug\Obj\stm8l15x_iwdg.o
#        C:\Users\Vova\bars\dev\soft\sensor\Debug\Obj\stm8l15x_lcd.o
#        C:\Users\Vova\bars\dev\soft\sensor\Debug\Obj\stm8l15x_pwr.o
#        C:\Users\Vova\bars\dev\soft\sensor\Debug\Obj\stm8l15x_rst.o
#        C:\Users\Vova\bars\dev\soft\sensor\Debug\Obj\stm8l15x_rtc.o
#        C:\Users\Vova\bars\dev\soft\sensor\Debug\Obj\stm8l15x_spi.o
#        C:\Users\Vova\bars\dev\soft\sensor\Debug\Obj\stm8l15x_syscfg.o
#        C:\Users\Vova\bars\dev\soft\sensor\Debug\Obj\stm8l15x_tim1.o
#        C:\Users\Vova\bars\dev\soft\sensor\Debug\Obj\stm8l15x_tim2.o
#        C:\Users\Vova\bars\dev\soft\sensor\Debug\Obj\stm8l15x_tim3.o
#        C:\Users\Vova\bars\dev\soft\sensor\Debug\Obj\stm8l15x_tim4.o
#        C:\Users\Vova\bars\dev\soft\sensor\Debug\Obj\stm8l15x_tim5.o
#        C:\Users\Vova\bars\dev\soft\sensor\Debug\Obj\stm8l15x_usart.o
#        C:\Users\Vova\bars\dev\soft\sensor\Debug\Obj\stm8l15x_wfe.o
#        C:\Users\Vova\bars\dev\soft\sensor\Debug\Obj\stm8l15x_wwdg.o
#        C:\Users\Vova\bars\dev\soft\sensor\Debug\Obj\stm8l_discovery_lcd.o
#        C:\Users\Vova\bars\dev\soft\sensor\Debug\Obj\tools.o --redirect
#        _Printf=_PrintfFullNoMb --redirect _Scanf=_ScanfFullNoMb -o
#        C:\Users\Vova\bars\dev\soft\sensor\Debug\Exe\sensor.out --map
#        C:\Users\Vova\bars\dev\soft\sensor\Debug\List\sensor.map --config
#        "C:\Program Files (x86)\IAR Systems\Embedded Workbench
#        8.0\stm8\config\lnkstm8l052c6.icf" --config_def _CSTACK_SIZE=0x100
#        --config_def _HEAP_SIZE=0x100 --entry __iar_program_start --debug_lib)
#
###############################################################################

*******************************************************************************
*** RUNTIME MODEL ATTRIBUTES
***

__SystemLibrary            = DLib
__code_model               = small
__core                     = stm8
__data_model               = medium
__dlib_file_descriptor     = 0
__dlib_full_locale_support = 0
__rt_version               = 4


*******************************************************************************
*** PLACEMENT SUMMARY
***

"A0":  place at start of [0x000000-0x0000ff] { rw section .vregs };
"A1":  place at end of [0x000000-0x0007ff] { block CSTACK };
"P2":  place in [from 0x000000 to 0x0007ff] {
          block HEAP, rw section __DLIB_PERTHREAD, rw section .far.bss,
          rw section .far.data, rw section .far.noinit,
          rw section .far_func.textrw, rw section .huge.bss,
          rw section .huge.data, rw section .huge.noinit,
          rw section .huge_func.textrw, rw section .iar.dynexit,
          rw section .near.bss, rw section .near.data, rw section .near.noinit,
          rw section .near_func.textrw };
"A2":  place at start of [0x008000-0x00ffff] { block INTVEC };
"P3":  place in [from 0x008000 to 0x00ffff] {
          ro section __DLIB_PERTHREAD_init, ro section .far.data_init,
          ro section .far_func.textrw_init, ro section .huge.data_init,
          ro section .huge_func.textrw_init, ro section .iar.init_table,
          ro section .init_array, ro section .near.data_init,
          ro section .near.rodata, ro section .near_func.text,
          ro section .near_func.textrw_init, ro section .tiny.data_init,
          ro section .tiny.rodata_init };
"P4":  place in [from 0x008000 to 0x00ffff] {
          ro section .far.rodata, ro section .far_func.text };
"P5":  place in [from 0x008000 to 0x00ffff] {
          ro section .huge.rodata, ro section .huge_func.text };
do not initialize {
   rw section .eeprom.noinit, rw section .far.noinit, rw section .huge.noinit,
   rw section .near.noinit, rw section .tiny.noinit, rw section .vregs };
initialize by copy {
   rw section .far.bss, rw section .far.data, rw section .far_func.textrw,
   rw section .huge.bss, rw section .huge.data, rw section .huge_func.textrw,
   rw section .iar.dynexit, rw section .near.bss, rw section .near.data,
   rw section .near_func.textrw, rw section .tiny.bss, rw section .tiny.data,
   ro section .tiny.rodata };

  Section            Kind      Address   Size  Object
  -------            ----      -------   ----  ------
"A0":                                    0x10
  .vregs             uninit   0x000000   0x10  vregs.o [4]
                            - 0x000010   0x10

"P2":                                     0x5
  P2-1                        0x000010    0x5  <Init block>
    .near.data       inited   0x000010    0x1  main.o [1]
    .near.bss        inited   0x000011    0x2  stm8l15x_it.o [1]
    .near.bss        inited   0x000013    0x2  stm8l15x_it.o [1]
                            - 0x000015    0x5

"A1":                                   0x100
  CSTACK                      0x000700  0x100  <Block>
    CSTACK           uninit   0x000700  0x100  <Block tail>
                            - 0x000800  0x100

"A2":                                    0x80
  INTVEC                      0x008000   0x80  <Block>
    .intvec          const    0x008000   0x80  interrupt.o [4]
                            - 0x008080   0x80

"P3-P5":                                0xfe2
  .near_func.text    ro code  0x008080  0x1bd  stm8l15x_it.o [1]
  .near_func.text    ro code  0x00823d  0x113  stm8l15x_itc.o [1]
  .near_func.text    ro code  0x008350  0x10d  stm8l15x_exti.o [1]
  .near_func.text    ro code  0x00845d   0xf8  stm8l15x_rtc.o [1]
  .near_func.text    ro code  0x008555   0xee  vreg_util.o [4]
  .near_func.text    ro code  0x008643   0x98  stm8l15x_clk.o [1]
  .near_func.text    ro code  0x0086db   0x8e  stm8l15x_gpio.o [1]
  .near_func.text    ro code  0x008769   0x89  main.o [1]
  .near_func.text    ro code  0x0087f2   0x89  stm8l15x_clk.o [1]
  .near_func.text    ro code  0x00887b   0x72  main.o [1]
  .near_func.text    ro code  0x0088ed   0x67  long.o [4]
  .near_func.text    ro code  0x008954   0x66  tools.o [1]
  .near_func.text    ro code  0x0089ba   0x65  tools.o [1]
  .near_func.text    ro code  0x008a1f   0x62  stm8l15x_it.o [1]
  .near_func.text    ro code  0x008a81   0x60  delay.o [1]
  .near_func.text    ro code  0x008ae1   0x5d  stm8l15x_it.o [1]
  .near_func.text    ro code  0x008b3e   0x55  stm8l15x_adc.o [1]
  .near_func.text    ro code  0x008b93   0x54  main.o [1]
  .near_func.text    ro code  0x008be7   0x44  tools.o [1]
  .near_func.text    ro code  0x008c2b   0x41  stm8l15x_spi.o [1]
  .near_func.text    ro code  0x008c6c   0x3d  stm8l15x_rtc.o [1]
  .near_func.text    ro code  0x008ca9   0x38  stm8l15x_rtc.o [1]
  .near_func.text    ro code  0x008ce1   0x36  main.o [1]
  .near_func.text    ro code  0x008d17   0x34  stm8l15x_rtc.o [1]
  .near_func.text    ro code  0x008d4b   0x32  short.o [4]
  .near_func.text    ro code  0x008d7d   0x31  stm8l15x_adc.o [1]
  .near_func.text    ro code  0x008dae   0x30  main.o [1]
  .near_func.text    ro code  0x008dde   0x29  main.o [1]
  .near_func.text    ro code  0x008e07   0x28  init_small.o [4]
  .near_func.text    ro code  0x008e2f   0x24  stm8l15x_adc.o [1]
  .near_func.text    ro code  0x008e53   0x23  stm8l15x_rtc.o [1]
  .near_func.text    ro code  0x008e76   0x22  stm8l15x_rtc.o [1]
  .near_func.text    ro code  0x008e98   0x21  stm8l15x_exti.o [1]
  .iar.init_table    const    0x008eb9    0xa  - Linker created -
  .near_func.text    ro code  0x008ec3   0x1e  stm8l15x_rtc.o [1]
  .near_func.text    ro code  0x008ee1   0x1a  long_util.o [4]
  .near_func.text    ro code  0x008efb   0x19  stm8l15x_flash.o [1]
  .near_func.text    ro code  0x008f14   0x19  stm8l15x_spi.o [1]
  .near_func.text    ro code  0x008f2d   0x18  stm8l15x_flash.o [1]
  .near_func.text    ro code  0x008f45   0x15  stm8l15x_rtc.o [1]
  .near_func.text    ro code  0x008f5a   0x15  stm8l15x_spi.o [1]
  .near_func.text    ro code  0x008f6f   0x14  init.o [4]
  .near_func.text    ro code  0x008f83   0x14  __dbg_xxexit.o [3]
  .near_func.text    ro code  0x008f97   0x13  stm8l15x_clk.o [1]
  .near_func.text    ro code  0x008faa   0x13  cstartup.o [4]
  .near_func.text    ro code  0x008fbd   0x12  stm8l15x_gpio.o [1]
  .near_func.text    ro code  0x008fcf    0xd  move.o [4]
  .near_func.text    ro code  0x008fdc    0xb  stm8l15x_flash.o [1]
  .near_func.text    ro code  0x008fe7    0xb  dc_util.o [4]
  .near_func.text    ro code  0x008ff2    0xa  stm8l15x_clk.o [1]
  .near_func.text    ro code  0x008ffc    0x9  stm8l15x_rtc.o [1]
  .near.rodata       const    0x009005    0x8  stm8l15x_it.o [1]
  .near_func.text    ro code  0x00900d    0x7  stm8l15x_gpio.o [1]
  .near_func.text    ro code  0x009014    0x7  stm8l15x_gpio.o [1]
  .near_func.text    ro code  0x00901b    0x5  char.o [4]
  .near_func.text    ro code  0x009020    0x5  cexit.o [4]
  Initializer bytes  const    0x009025    0x5  <for P2-1>
  .near_func.text    ro code  0x00902a    0x4  stm8l15x_clk.o [1]
  .near_func.text    ro code  0x00902e    0x4  stm8l15x_flash.o [1]
  .near_func.text    ro code  0x009032    0x4  stm8l15x_flash.o [1]
  .near_func.text    ro code  0x009036    0x4  stm8l15x_it.o [1]
  .near_func.text    ro code  0x00903a    0x3  interrupt.o [4]
  .near_func.text    ro code  0x00903d    0x3  low_level_init.o [4]
  .near_func.text    ro code  0x009040    0x3  exit.o [4]
  .near_func.text    ro code  0x009043    0x3  unhandled_exception.o [4]
  .near_func.text    ro code  0x009046    0x1  stm8l15x_it.o [1]
  .near_func.text    ro code  0x009047    0x1  stm8l15x_it.o [1]
  .near_func.text    ro code  0x009048    0x1  stm8l15x_it.o [1]
  .near_func.text    ro code  0x009049    0x1  stm8l15x_it.o [1]
  .near_func.text    ro code  0x00904a    0x1  stm8l15x_it.o [1]
  .near_func.text    ro code  0x00904b    0x1  stm8l15x_it.o [1]
  .near_func.text    ro code  0x00904c    0x1  stm8l15x_it.o [1]
  .near_func.text    ro code  0x00904d    0x1  stm8l15x_it.o [1]
  .near_func.text    ro code  0x00904e    0x1  stm8l15x_it.o [1]
  .near_func.text    ro code  0x00904f    0x1  stm8l15x_it.o [1]
  .near_func.text    ro code  0x009050    0x1  stm8l15x_it.o [1]
  .near_func.text    ro code  0x009051    0x1  stm8l15x_it.o [1]
  .near_func.text    ro code  0x009052    0x1  stm8l15x_it.o [1]
  .near_func.text    ro code  0x009053    0x1  stm8l15x_it.o [1]
  .near_func.text    ro code  0x009054    0x1  stm8l15x_it.o [1]
  .near_func.text    ro code  0x009055    0x1  stm8l15x_it.o [1]
  .near_func.text    ro code  0x009056    0x1  stm8l15x_it.o [1]
  .near_func.text    ro code  0x009057    0x1  stm8l15x_it.o [1]
  .near_func.text    ro code  0x009058    0x1  stm8l15x_it.o [1]
  .near_func.text    ro code  0x009059    0x1  stm8l15x_it.o [1]
  .near_func.text    ro code  0x00905a    0x1  stm8l15x_it.o [1]
  .near_func.text    ro code  0x00905b    0x1  stm8l15x_it.o [1]
  .near_func.text    ro code  0x00905c    0x1  stm8l15x_it.o [1]
  .near_func.text    ro code  0x00905d    0x1  stm8l15x_it.o [1]
  .near_func.text    ro code  0x00905e    0x1  stm8l15x_it.o [1]
  .near_func.text    ro code  0x00905f    0x1  stm8l15x_it.o [1]
  .near_func.text    ro code  0x009060    0x1  stm8l15x_it.o [1]
  .near_func.text    ro code  0x009061    0x1  __dbg_break.o [3]
                            - 0x009062  0xfe2


*******************************************************************************
*** INIT TABLE
***

          Address   Size
          -------   ----
Copy (__iar_copy_init2)
    1 source range, total size 0x5:
          0x009025   0x5
    1 destination range, total size 0x5:
          0x000010   0x5



*******************************************************************************
*** MODULE SUMMARY
***

    Module                 ro code  ro data  rw data
    ------                 -------  -------  -------
C:\Users\Vova\bars\dev\soft\sensor\Debug\Obj: [1]
    delay.o                     96
    main.o                     478        1        1
    stm8l15x_adc.o             170
    stm8l15x_clk.o             322
    stm8l15x_exti.o            302
    stm8l15x_flash.o            68
    stm8l15x_gpio.o            174
    stm8l15x_it.o              667       12        4
    stm8l15x_itc.o             275
    stm8l15x_rtc.o             546
    stm8l15x_spi.o             111
    tools.o                    271
    ------------------------------------------------
    Total:                   3 480       13        5

command line: [2]
    ------------------------------------------------
    Total:

dbgstm8smd.a: [3]
    __dbg_break.o                1
    __dbg_xxexit.o              20
    ------------------------------------------------
    Total:                      21

dlstm8smn.a: [4]
    cexit.o                      5
    char.o                       5
    cstartup.o                  19
    dc_util.o                   11
    exit.o                       3
    init.o                      20
    init_small.o                40
    interrupt.o                  3      128
    long.o                     103
    long_util.o                 26
    low_level_init.o             3
    move.o                      13
    short.o                     50
    unhandled_exception.o        3
    vreg_util.o                238
    vregs.o                                       16
    ------------------------------------------------
    Total:                     542      128       16

    Linker created                       10      256
----------------------------------------------------
    Grand Total:             4 043      151      277


*******************************************************************************
*** ENTRY LIST
***

Entry                    Address   Size  Type      Object
-----                    -------   ----  ----      ------
.iar.init_table$$Base   0x008eb9          --   Gb  - Linker created -
.iar.init_table$$Limit  0x008ec3          --   Gb  - Linker created -
?add32_l0_l0_0x         0x008908         Code  Gb  long.o [4]
?add32_l0_l0_dl         0x008900         Code  Gb  long.o [4]
?add32_l0_l0_l1         0x008905         Code  Gb  long.o [4]
?b0                     0x000000         Data  Gb  vregs.o [4]
?b1                     0x000001         Data  Gb  vregs.o [4]
?b10                    0x00000a         Data  Gb  vregs.o [4]
?b11                    0x00000b         Data  Gb  vregs.o [4]
?b12                    0x00000c         Data  Gb  vregs.o [4]
?b13                    0x00000d         Data  Gb  vregs.o [4]
?b14                    0x00000e         Data  Gb  vregs.o [4]
?b15                    0x00000f         Data  Gb  vregs.o [4]
?b2                     0x000002         Data  Gb  vregs.o [4]
?b3                     0x000003         Data  Gb  vregs.o [4]
?b4                     0x000004         Data  Gb  vregs.o [4]
?b5                     0x000005         Data  Gb  vregs.o [4]
?b6                     0x000006         Data  Gb  vregs.o [4]
?b7                     0x000007         Data  Gb  vregs.o [4]
?b8                     0x000008         Data  Gb  vregs.o [4]
?b9                     0x000009         Data  Gb  vregs.o [4]
?dc32_px                0x008fe7         Code  Gb  dc_util.o [4]
?e0                     0x000001         Data  Gb  vregs.o [4]
?e1                     0x000005         Data  Gb  vregs.o [4]
?e2                     0x000009         Data  Gb  vregs.o [4]
?e3                     0x00000d         Data  Gb  vregs.o [4]
?epilogue_l2            0x0085e4         Code  Gb  vreg_util.o [4]
?epilogue_l2_l3         0x0085e1         Code  Gb  vreg_util.o [4]
?inc32_0x_0x            0x0088f2         Code  Gb  long.o [4]
?inc32_l0_l0            0x0088ed         Code  Gb  long.o [4]
?l0                     0x000000         Data  Gb  vregs.o [4]
?l1                     0x000004         Data  Gb  vregs.o [4]
?l2                     0x000008         Data  Gb  vregs.o [4]
?l3                     0x00000c         Data  Gb  vregs.o [4]
?load32_0x_l1           0x008eed         Code  Gb  long_util.o [4]
?load32_l0_0x           0x008ee1         Code  Gb  long_util.o [4]
?mov_e0_e1              0x0085eb         Code  Gb  vreg_util.o [4]
?mov_e0_e2              0x0085f8         Code  Gb  vreg_util.o [4]
?mov_e1_e0              0x008605         Code  Gb  vreg_util.o [4]
?mov_e1_e3              0x008612         Code  Gb  vreg_util.o [4]
?mov_e2_e0              0x00861f         Code  Gb  vreg_util.o [4]
?mov_e3_e0              0x00862c         Code  Gb  vreg_util.o [4]
?mov_e3_e1              0x008639         Code  Gb  vreg_util.o [4]
?mov_l0_l1              0x0085e8         Code  Gb  vreg_util.o [4]
?mov_l0_l2              0x0085f5         Code  Gb  vreg_util.o [4]
?mov_l1_l0              0x008602         Code  Gb  vreg_util.o [4]
?mov_l1_l3              0x00860f         Code  Gb  vreg_util.o [4]
?mov_l2_l0              0x00861c         Code  Gb  vreg_util.o [4]
?mov_l3_l0              0x008629         Code  Gb  vreg_util.o [4]
?mov_l3_l1              0x008636         Code  Gb  vreg_util.o [4]
?mov_w1_w3              0x0085ee         Code  Gb  vreg_util.o [4]
?mov_w1_w5              0x0085fb         Code  Gb  vreg_util.o [4]
?mov_w3_w1              0x008608         Code  Gb  vreg_util.o [4]
?mov_w3_w7              0x008615         Code  Gb  vreg_util.o [4]
?mov_w5_w1              0x008622         Code  Gb  vreg_util.o [4]
?mov_w7_w1              0x00862f         Code  Gb  vreg_util.o [4]
?mov_w7_w3              0x00863c         Code  Gb  vreg_util.o [4]
?move1616_v_x_y_a       0x008fcf         Code  Gb  move.o [4]
?mul16_x_x_w0           0x008d4b         Code  Gb  short.o [4]
?pop_l0                 0x0085ad         Code  Gb  vreg_util.o [4]
?pop_l1                 0x0085b8         Code  Gb  vreg_util.o [4]
?pop_l2                 0x0085c3         Code  Gb  vreg_util.o [4]
?pop_l3                 0x0085ce         Code  Gb  vreg_util.o [4]
?pop_w4                 0x00856d         Code  Gb  vreg_util.o [4]
?push_l0                0x00857c         Code  Gb  vreg_util.o [4]
?push_l1                0x008581         Code  Gb  vreg_util.o [4]
?push_l2                0x008586         Code  Gb  vreg_util.o [4]
?push_l3                0x00858b         Code  Gb  vreg_util.o [4]
?push_w4                0x008555         Code  Gb  vreg_util.o [4]
?sext16_x_a             0x008d76         Code  Gb  short.o [4]
?sext32_l0_x            0x008949         Code  Gb  long.o [4]
?sll16_x_x_a            0x008d69         Code  Gb  short.o [4]
?sll8_a_a_5             0x00901b         Code  Gb  char.o [4]
?srl16_x_x_4            0x008d71         Code  Gb  short.o [4]
?srl32_0x_0x_a          0x00893b         Code  Gb  long.o [4]
?srl32_l0_l0_a          0x008938         Code  Gb  long.o [4]
?sub32_l0_l0_0x         0x008920         Code  Gb  long.o [4]
?w0                     0x000000         Data  Gb  vregs.o [4]
?w1                     0x000002         Data  Gb  vregs.o [4]
?w2                     0x000004         Data  Gb  vregs.o [4]
?w3                     0x000006         Data  Gb  vregs.o [4]
?w4                     0x000008         Data  Gb  vregs.o [4]
?w5                     0x00000a         Data  Gb  vregs.o [4]
?w6                     0x00000c         Data  Gb  vregs.o [4]
?w7                     0x00000e         Data  Gb  vregs.o [4]
ADC1_COMP_IRQHandler    0x009055    0x1  Code  Gb  stm8l15x_it.o [1]
ADC_Init                0x008e2f   0x24  Code  Gb  stm8l15x_adc.o [1]
ADC_SamplingTimeConfig  0x008d7d   0x31  Code  Gb  stm8l15x_adc.o [1]
ADC_SchmittTriggerConfig
                        0x008b3e   0x55  Code  Gb  stm8l15x_adc.o [1]
ADC_init                0x008dae   0x30  Code  Gb  main.o [1]
CLK_GetFlagStatus       0x008643   0x98  Code  Gb  stm8l15x_clk.o [1]
CLK_GetSYSCLKSource     0x00902a    0x4  Code  Gb  stm8l15x_clk.o [1]
CLK_LSEConfig           0x008f97   0x13  Code  Gb  stm8l15x_clk.o [1]
CLK_PeripheralClockConfig
                        0x0087f2   0x89  Code  Gb  stm8l15x_clk.o [1]
CLK_RTCClockConfig      0x008ff2    0xa  Code  Gb  stm8l15x_clk.o [1]
CSTACK$$Base            0x000700          --   Gb  - Linker created -
CSTACK$$Limit           0x000800          --   Gb  - Linker created -
DMA1_CHANNEL0_1_IRQHandler
                        0x009048    0x1  Code  Gb  stm8l15x_it.o [1]
DMA1_CHANNEL2_3_IRQHandler
                        0x009049    0x1  Code  Gb  stm8l15x_it.o [1]
EXTI0_IRQHandler        0x00904d    0x1  Code  Gb  stm8l15x_it.o [1]
EXTI1_IRQHandler        0x00904e    0x1  Code  Gb  stm8l15x_it.o [1]
EXTI2_IRQHandler        0x00904f    0x1  Code  Gb  stm8l15x_it.o [1]
EXTI3_IRQHandler        0x009050    0x1  Code  Gb  stm8l15x_it.o [1]
EXTI4_IRQHandler        0x009051    0x1  Code  Gb  stm8l15x_it.o [1]
EXTI5_IRQHandler        0x009052    0x1  Code  Gb  stm8l15x_it.o [1]
EXTI6_IRQHandler        0x008a1f   0x62  Code  Gb  stm8l15x_it.o [1]
EXTI7_IRQHandler        0x008ae1   0x5d  Code  Gb  stm8l15x_it.o [1]
EXTIB_G_IRQHandler      0x00904b    0x1  Code  Gb  stm8l15x_it.o [1]
EXTID_H_IRQHandler      0x00904c    0x1  Code  Gb  stm8l15x_it.o [1]
EXTIE_F_PVD_IRQHandler  0x00904a    0x1  Code  Gb  stm8l15x_it.o [1]
EXTI_ClearITPendingBit  0x008e98   0x21  Code  Gb  stm8l15x_exti.o [1]
EXTI_SetPinSensitivity  0x008350  0x10d  Code  Gb  stm8l15x_exti.o [1]
FLASH_GetFlagStatus     0x008f2d   0x18  Code  Gb  stm8l15x_flash.o [1]
FLASH_IRQHandler        0x009047    0x1  Code  Gb  stm8l15x_it.o [1]
FLASH_Lock              0x008fdc    0xb  Code  Gb  stm8l15x_flash.o [1]
FLASH_ProgramByte       0x00902e    0x4  Code  Gb  stm8l15x_flash.o [1]
FLASH_ReadByte          0x009032    0x4  Code  Gb  stm8l15x_flash.o [1]
FLASH_Unlock            0x008efb   0x19  Code  Gb  stm8l15x_flash.o [1]
GPIO_Init               0x0086db   0x8e  Code  Gb  stm8l15x_gpio.o [1]
GPIO_ReadInputDataBit   0x009014    0x7  Code  Gb  stm8l15x_gpio.o [1]
GPIO_ToggleBits         0x00900d    0x7  Code  Gb  stm8l15x_gpio.o [1]
GPIO_WriteBit           0x008fbd   0x12  Code  Gb  stm8l15x_gpio.o [1]
GPIO_init               0x00887b   0x72  Code  Gb  main.o [1]
I2C1_SPI2_IRQHandler    0x009060    0x1  Code  Gb  stm8l15x_it.o [1]
INTVEC$$Base            0x008000          --   Gb  - Linker created -
INTVEC$$Limit           0x008080          --   Gb  - Linker created -
ITC_SetSoftwarePriority
                        0x00823d  0x113  Code  Gb  stm8l15x_itc.o [1]
ITC_init                0x008dde   0x29  Code  Gb  main.o [1]
LCD_AES_IRQHandler      0x009053    0x1  Code  Gb  stm8l15x_it.o [1]
RTC_CSSLSE_IRQHandler   0x008080  0x1bd  Code  Gb  stm8l15x_it.o [1]
RTC_ClearITPendingBit   0x008ffc    0x9  Code  Gb  stm8l15x_rtc.o [1]
RTC_DeInit              0x00845d   0xf8  Code  Gb  stm8l15x_rtc.o [1]
RTC_EnterInitMode       0x008e76   0x22  Code  Gb  stm8l15x_rtc.o [1]
RTC_GetWakeUpCounter    0x008ec3   0x1e  Code  Gb  stm8l15x_rtc.o [1]
RTC_ITConfig            0x008ca9   0x38  Code  Gb  stm8l15x_rtc.o [1]
RTC_SetWakeUpCounter    0x008f45   0x15  Code  Gb  stm8l15x_rtc.o [1]
RTC_WaitForSynchro      0x008d17   0x34  Code  Gb  stm8l15x_rtc.o [1]
RTC_WakeUpClockConfig   0x008e53   0x23  Code  Gb  stm8l15x_rtc.o [1]
RTC_WakeUpCmd           0x008c6c   0x3d  Code  Gb  stm8l15x_rtc.o [1]
RTC_init                0x008ce1   0x36  Code  Gb  main.o [1]
Region$$Table$$Base     0x008eb9          --   Gb  - Linker created -
Region$$Table$$Limit    0x008ec3          --   Gb  - Linker created -
SPI1_IRQHandler         0x00905d    0x1  Code  Gb  stm8l15x_it.o [1]
SPI_Cmd                 0x008f5a    0xd  Code  Gb  stm8l15x_spi.o [1]
SPI_GetFlagStatus       0x008f14   0x19  Code  Gb  stm8l15x_spi.o [1]
SPI_Init                0x008c2b   0x41  Code  Gb  stm8l15x_spi.o [1]
SPI_SendData            0x008f67    0x8  Code  Gb  stm8l15x_spi.o [1]
SPI_init                0x008b93   0x54  Code  Gb  main.o [1]
SWITCH_CSS_BREAK_DAC_IRQHandler
                        0x009054    0x1  Code  Gb  stm8l15x_it.o [1]
TIM1_CC_IRQHandler      0x00905b    0x1  Code  Gb  stm8l15x_it.o [1]
TIM1_UPD_OVF_TRG_COM_IRQHandler
                        0x00905a    0x1  Code  Gb  stm8l15x_it.o [1]
TIM2_CC_USART2_RX_IRQHandler
                        0x009057    0x1  Code  Gb  stm8l15x_it.o [1]
TIM2_UPD_OVF_TRG_BRK_USART2_TX_IRQHandler
                        0x009056    0x1  Code  Gb  stm8l15x_it.o [1]
TIM3_CC_USART3_RX_IRQHandler
                        0x009059    0x1  Code  Gb  stm8l15x_it.o [1]
TIM3_UPD_OVF_TRG_BRK_USART3_TX_IRQHandler
                        0x009058    0x1  Code  Gb  stm8l15x_it.o [1]
TIM4_UPD_OVF_TRG_IRQHandler
                        0x00905c    0x1  Code  Gb  stm8l15x_it.o [1]
TRAP_IRQHandler         0x009046    0x1  Code  Gb  stm8l15x_it.o [1]
USART1_RX_TIM5_CC_IRQHandler
                        0x00905f    0x1  Code  Gb  stm8l15x_it.o [1]
USART1_TX_TIM5_UPD_OVF_TRG_BRK_IRQHandler
                        0x00905e    0x1  Code  Gb  stm8l15x_it.o [1]
__DebugBreak            0x009061    0x1  Code  Gb  __dbg_break.o [3]
__exit                  0x008f83   0x14  Code  Gb  __dbg_xxexit.o [3]
__iar_copy_init2        0x008e07         Code  Gb  init_small.o [4]
__iar_data_init2        0x008f6f   0x14  Code  Gb  init.o [4]
__iar_program_start     0x008faa         Code  Gb  cstartup.o [4]
__iar_unhandled_exception
                        0x009043         Code  Gb  unhandled_exception.o [4]
__intvec                0x008000         Data  Gb  interrupt.o [4]
__low_level_init        0x00903d    0x3  Code  Gb  low_level_init.o [4]
_exit                   0x009020         Code  Gb  cexit.o [4]
_interrupt_1            0x009046         Code  Gb  stm8l15x_it.o [1]
_interrupt_10           0x00904d         Code  Gb  stm8l15x_it.o [1]
_interrupt_11           0x00904e         Code  Gb  stm8l15x_it.o [1]
_interrupt_12           0x00904f         Code  Gb  stm8l15x_it.o [1]
_interrupt_13           0x009050         Code  Gb  stm8l15x_it.o [1]
_interrupt_14           0x009051         Code  Gb  stm8l15x_it.o [1]
_interrupt_15           0x009052         Code  Gb  stm8l15x_it.o [1]
_interrupt_16           0x008a1f         Code  Gb  stm8l15x_it.o [1]
_interrupt_17           0x008ae1         Code  Gb  stm8l15x_it.o [1]
_interrupt_18           0x009053         Code  Gb  stm8l15x_it.o [1]
_interrupt_19           0x009054         Code  Gb  stm8l15x_it.o [1]
_interrupt_20           0x009055         Code  Gb  stm8l15x_it.o [1]
_interrupt_21           0x009056         Code  Gb  stm8l15x_it.o [1]
_interrupt_22           0x009057         Code  Gb  stm8l15x_it.o [1]
_interrupt_23           0x009058         Code  Gb  stm8l15x_it.o [1]
_interrupt_24           0x009059         Code  Gb  stm8l15x_it.o [1]
_interrupt_25           0x00905a         Code  Gb  stm8l15x_it.o [1]
_interrupt_26           0x00905b         Code  Gb  stm8l15x_it.o [1]
_interrupt_27           0x00905c         Code  Gb  stm8l15x_it.o [1]
_interrupt_28           0x00905d         Code  Gb  stm8l15x_it.o [1]
_interrupt_29           0x00905e         Code  Gb  stm8l15x_it.o [1]
_interrupt_3            0x009047         Code  Gb  stm8l15x_it.o [1]
_interrupt_30           0x00905f         Code  Gb  stm8l15x_it.o [1]
_interrupt_31           0x009060         Code  Gb  stm8l15x_it.o [1]
_interrupt_4            0x009048         Code  Gb  stm8l15x_it.o [1]
_interrupt_5            0x009049         Code  Gb  stm8l15x_it.o [1]
_interrupt_6            0x008080         Code  Gb  stm8l15x_it.o [1]
_interrupt_7            0x00904a         Code  Gb  stm8l15x_it.o [1]
_interrupt_8            0x00904b         Code  Gb  stm8l15x_it.o [1]
_interrupt_9            0x00904c         Code  Gb  stm8l15x_it.o [1]
delay_ms                0x008a81   0x60  Code  Gb  delay.o [1]
exit                    0x009040    0x3  Code  Gb  exit.o [4]
flash_read_int32        0x008954   0x66  Code  Gb  tools.o [1]
flash_write_int32       0x008be7   0x44  Code  Gb  tools.o [1]
get_spi_response        0x009036    0x4  Code  Gb  stm8l15x_it.o [1]
halfhours_timer         0x000013    0x2  Data  Gb  stm8l15x_it.o [1]
main                    0x008769   0x89  Code  Gb  main.o [1]
mcu_state               0x000010    0x1  Data  Gb  main.o [1]
raw_response            0x000011    0x2  Data  Gb  stm8l15x_it.o [1]
spi_send_int32          0x0089ba   0x65  Code  Gb  tools.o [1]


[1] = C:\Users\Vova\bars\dev\soft\sensor\Debug\Obj
[2] = command line
[3] = dbgstm8smd.a
[4] = dlstm8smn.a

  4 043 bytes of readonly  code memory
    151 bytes of readonly  data memory
    277 bytes of readwrite data memory

Errors: none
Warnings: none
