###############################################################################
#
# IAR ELF Linker V3.10.1.201 for STM8                     23/Nov/2018  10:41:47
# Copyright 2010-2017 IAR Systems AB.
#
#    Output file  =  
#        C:\Users\Vova\bars\dev\soft\152c6 counter\Debug\Exe\counter.out
#    Map file     =  
#        C:\Users\Vova\bars\dev\soft\152c6 counter\Debug\List\counter.map
#    Command line =  
#        -f C:\Users\Vova\AppData\Local\Temp\EWF444.tmp
#        ("C:\Users\Vova\bars\dev\soft\152c6 counter\Debug\Obj\delay.o"
#        "C:\Users\Vova\bars\dev\soft\152c6 counter\Debug\Obj\main.o"
#        "C:\Users\Vova\bars\dev\soft\152c6 counter\Debug\Obj\stm8l15x_adc.o"
#        "C:\Users\Vova\bars\dev\soft\152c6 counter\Debug\Obj\stm8l15x_aes.o"
#        "C:\Users\Vova\bars\dev\soft\152c6 counter\Debug\Obj\stm8l15x_beep.o"
#        "C:\Users\Vova\bars\dev\soft\152c6 counter\Debug\Obj\stm8l15x_clk.o"
#        "C:\Users\Vova\bars\dev\soft\152c6 counter\Debug\Obj\stm8l15x_comp.o"
#        "C:\Users\Vova\bars\dev\soft\152c6 counter\Debug\Obj\stm8l15x_dac.o"
#        "C:\Users\Vova\bars\dev\soft\152c6 counter\Debug\Obj\stm8l15x_dma.o"
#        "C:\Users\Vova\bars\dev\soft\152c6 counter\Debug\Obj\stm8l15x_exti.o"
#        "C:\Users\Vova\bars\dev\soft\152c6 counter\Debug\Obj\stm8l15x_flash.o"
#        "C:\Users\Vova\bars\dev\soft\152c6 counter\Debug\Obj\stm8l15x_gpio.o"
#        "C:\Users\Vova\bars\dev\soft\152c6 counter\Debug\Obj\stm8l15x_i2c.o"
#        "C:\Users\Vova\bars\dev\soft\152c6 counter\Debug\Obj\stm8l15x_irtim.o"
#        "C:\Users\Vova\bars\dev\soft\152c6 counter\Debug\Obj\stm8l15x_it.o"
#        "C:\Users\Vova\bars\dev\soft\152c6 counter\Debug\Obj\stm8l15x_itc.o"
#        "C:\Users\Vova\bars\dev\soft\152c6 counter\Debug\Obj\stm8l15x_iwdg.o"
#        "C:\Users\Vova\bars\dev\soft\152c6 counter\Debug\Obj\stm8l15x_lcd.o"
#        "C:\Users\Vova\bars\dev\soft\152c6 counter\Debug\Obj\stm8l15x_pwr.o"
#        "C:\Users\Vova\bars\dev\soft\152c6 counter\Debug\Obj\stm8l15x_rst.o"
#        "C:\Users\Vova\bars\dev\soft\152c6 counter\Debug\Obj\stm8l15x_rtc.o"
#        "C:\Users\Vova\bars\dev\soft\152c6 counter\Debug\Obj\stm8l15x_spi.o"
#        "C:\Users\Vova\bars\dev\soft\152c6
#        counter\Debug\Obj\stm8l15x_syscfg.o"
#        "C:\Users\Vova\bars\dev\soft\152c6 counter\Debug\Obj\stm8l15x_tim1.o"
#        "C:\Users\Vova\bars\dev\soft\152c6 counter\Debug\Obj\stm8l15x_tim2.o"
#        "C:\Users\Vova\bars\dev\soft\152c6 counter\Debug\Obj\stm8l15x_tim3.o"
#        "C:\Users\Vova\bars\dev\soft\152c6 counter\Debug\Obj\stm8l15x_tim4.o"
#        "C:\Users\Vova\bars\dev\soft\152c6 counter\Debug\Obj\stm8l15x_tim5.o"
#        "C:\Users\Vova\bars\dev\soft\152c6 counter\Debug\Obj\stm8l15x_usart.o"
#        "C:\Users\Vova\bars\dev\soft\152c6 counter\Debug\Obj\stm8l15x_wfe.o"
#        "C:\Users\Vova\bars\dev\soft\152c6 counter\Debug\Obj\stm8l15x_wwdg.o"
#        "C:\Users\Vova\bars\dev\soft\152c6 counter\Debug\Obj\tools.o"
#        --redirect _Printf=_PrintfFullNoMb --redirect _Scanf=_ScanfFullNoMb -o
#        "C:\Users\Vova\bars\dev\soft\152c6 counter\Debug\Exe\counter.out"
#        --map "C:\Users\Vova\bars\dev\soft\152c6
#        counter\Debug\List\counter.map" --config "C:\Program Files (x86)\IAR
#        Systems\Embedded Workbench 8.0\stm8\config\lnkstm8l152c6.icf"
#        --config_def _CSTACK_SIZE=0x100 --config_def _HEAP_SIZE=0x100 --entry
#        __iar_program_start --debug_lib)
#
###############################################################################

*******************************************************************************
*** RUNTIME MODEL ATTRIBUTES
***

__SystemLibrary            = DLib
__code_model               = small
__core                     = stm8
__data_model               = medium
__dlib_file_descriptor     = 0
__dlib_full_locale_support = 0
__rt_version               = 4


*******************************************************************************
*** PLACEMENT SUMMARY
***

"A0":  place at start of [0x000000-0x0000ff] { rw section .vregs };
"A1":  place at end of [0x000000-0x0007ff] { block CSTACK };
"A2":  place at start of [0x008000-0x00ffff] { block INTVEC };
"P3":  place in [from 0x008000 to 0x00ffff] {
          ro section __DLIB_PERTHREAD_init, ro section .far.data_init,
          ro section .far_func.textrw_init, ro section .huge.data_init,
          ro section .huge_func.textrw_init, ro section .iar.init_table,
          ro section .init_array, ro section .near.data_init,
          ro section .near.rodata, ro section .near_func.text,
          ro section .near_func.textrw_init, ro section .tiny.data_init,
          ro section .tiny.rodata_init };
"P4":  place in [from 0x008000 to 0x00ffff] {
          ro section .far.rodata, ro section .far_func.text };
"P5":  place in [from 0x008000 to 0x00ffff] {
          ro section .huge.rodata, ro section .huge_func.text };
do not initialize {
   rw section .eeprom.noinit, rw section .far.noinit, rw section .huge.noinit,
   rw section .near.noinit, rw section .tiny.noinit, rw section .vregs };

  Section          Kind      Address   Size  Object
  -------          ----      -------   ----  ------
"A0":                                   0xc
  .vregs           uninit   0x000000    0xc  vregs.o [4]
                          - 0x00000c    0xc

"A1":                                 0x100
  CSTACK                    0x000700  0x100  <Block>
    CSTACK         uninit   0x000700  0x100  <Block tail>
                          - 0x000800  0x100

"A2":                                  0x80
  INTVEC                    0x008000   0x80  <Block>
    .intvec        const    0x008000   0x80  interrupt.o [4]
                          - 0x008080   0x80

"P3-P5":                              0x2fe
  .near_func.text  ro code  0x008080  0x10d  stm8l15x_exti.o [1]
  .near_func.text  ro code  0x00818d   0x8e  stm8l15x_gpio.o [1]
  .near_func.text  ro code  0x00821b   0x5d  vreg_util.o [4]
  .near_func.text  ro code  0x008278   0x35  stm8l15x_it.o [1]
  .near_func.text  ro code  0x0082ad   0x30  main.o [1]
  .near_func.text  ro code  0x0082dd   0x21  stm8l15x_exti.o [1]
  .near_func.text  ro code  0x0082fe   0x14  init.o [4]
  .near_func.text  ro code  0x008312   0x14  __dbg_xxexit.o [3]
  .near_func.text  ro code  0x008326   0x13  cstartup.o [4]
  .near_func.text  ro code  0x008339    0x8  short.o [4]
  .near_func.text  ro code  0x008341    0x7  stm8l15x_gpio.o [1]
  .near_func.text  ro code  0x008348    0x7  stm8l15x_gpio.o [1]
  .near_func.text  ro code  0x00834f    0x5  cexit.o [4]
  .near_func.text  ro code  0x008354    0x3  interrupt.o [4]
  .near_func.text  ro code  0x008357    0x3  low_level_init.o [4]
  .near_func.text  ro code  0x00835a    0x3  exit.o [4]
  .near_func.text  ro code  0x00835d    0x3  unhandled_exception.o [4]
  .near_func.text  ro code  0x008360    0x1  stm8l15x_it.o [1]
  .near_func.text  ro code  0x008361    0x1  stm8l15x_it.o [1]
  .near_func.text  ro code  0x008362    0x1  stm8l15x_it.o [1]
  .near_func.text  ro code  0x008363    0x1  stm8l15x_it.o [1]
  .near_func.text  ro code  0x008364    0x1  stm8l15x_it.o [1]
  .near_func.text  ro code  0x008365    0x1  stm8l15x_it.o [1]
  .near_func.text  ro code  0x008366    0x1  stm8l15x_it.o [1]
  .near_func.text  ro code  0x008367    0x1  stm8l15x_it.o [1]
  .near_func.text  ro code  0x008368    0x1  stm8l15x_it.o [1]
  .near_func.text  ro code  0x008369    0x1  stm8l15x_it.o [1]
  .near_func.text  ro code  0x00836a    0x1  stm8l15x_it.o [1]
  .near_func.text  ro code  0x00836b    0x1  stm8l15x_it.o [1]
  .near_func.text  ro code  0x00836c    0x1  stm8l15x_it.o [1]
  .near_func.text  ro code  0x00836d    0x1  stm8l15x_it.o [1]
  .near_func.text  ro code  0x00836e    0x1  stm8l15x_it.o [1]
  .near_func.text  ro code  0x00836f    0x1  stm8l15x_it.o [1]
  .near_func.text  ro code  0x008370    0x1  stm8l15x_it.o [1]
  .near_func.text  ro code  0x008371    0x1  stm8l15x_it.o [1]
  .near_func.text  ro code  0x008372    0x1  stm8l15x_it.o [1]
  .near_func.text  ro code  0x008373    0x1  stm8l15x_it.o [1]
  .near_func.text  ro code  0x008374    0x1  stm8l15x_it.o [1]
  .near_func.text  ro code  0x008375    0x1  stm8l15x_it.o [1]
  .near_func.text  ro code  0x008376    0x1  stm8l15x_it.o [1]
  .near_func.text  ro code  0x008377    0x1  stm8l15x_it.o [1]
  .near_func.text  ro code  0x008378    0x1  stm8l15x_it.o [1]
  .near_func.text  ro code  0x008379    0x1  stm8l15x_it.o [1]
  .near_func.text  ro code  0x00837a    0x1  stm8l15x_it.o [1]
  .near_func.text  ro code  0x00837b    0x1  stm8l15x_it.o [1]
  .near_func.text  ro code  0x00837c    0x1  stm8l15x_it.o [1]
  .near_func.text  ro code  0x00837d    0x1  __dbg_break.o [3]
                          - 0x00837e  0x2fe



*******************************************************************************
*** MODULE SUMMARY
***

    Module                 ro code  ro data  rw data
    ------                 -------  -------  -------
C:\Users\Vova\bars\dev\soft\152c6 counter\Debug\Obj: [1]
    main.o                      48
    stm8l15x_exti.o            302
    stm8l15x_gpio.o            156
    stm8l15x_it.o               82
    ------------------------------------------------
    Total:                     588

command line: [2]
    ------------------------------------------------
    Total:

dbgstm8smd.a: [3]
    __dbg_break.o                1
    __dbg_xxexit.o              20
    ------------------------------------------------
    Total:                      21

dlstm8smn.a: [4]
    cexit.o                      5
    cstartup.o                  19
    exit.o                       3
    init.o                      20
    interrupt.o                  3      128
    low_level_init.o             3
    short.o                      8
    unhandled_exception.o        3
    vreg_util.o                 93
    vregs.o                                       12
    ------------------------------------------------
    Total:                     157      128       12

    Linker created                               256
----------------------------------------------------
    Grand Total:               766      128      268


*******************************************************************************
*** ENTRY LIST
***

Entry                      Address   Size  Type      Object
-----                      -------   ----  ----      ------
?b0                       0x000000         Data  Gb  vregs.o [4]
?b1                       0x000001         Data  Gb  vregs.o [4]
?b10                      0x00000a         Data  Gb  vregs.o [4]
?b11                      0x00000b         Data  Gb  vregs.o [4]
?b2                       0x000002         Data  Gb  vregs.o [4]
?b3                       0x000003         Data  Gb  vregs.o [4]
?b4                       0x000004         Data  Gb  vregs.o [4]
?b5                       0x000005         Data  Gb  vregs.o [4]
?b6                       0x000006         Data  Gb  vregs.o [4]
?b7                       0x000007         Data  Gb  vregs.o [4]
?b8                       0x000008         Data  Gb  vregs.o [4]
?b9                       0x000009         Data  Gb  vregs.o [4]
?e0                       0x000001         Data  Gb  vregs.o [4]
?e1                       0x000005         Data  Gb  vregs.o [4]
?e2                       0x000009         Data  Gb  vregs.o [4]
?l0                       0x000000         Data  Gb  vregs.o [4]
?l1                       0x000004         Data  Gb  vregs.o [4]
?l2                       0x000008         Data  Gb  vregs.o [4]
?pop_l0                   0x00825a         Code  Gb  vreg_util.o [4]
?pop_l1                   0x008265         Code  Gb  vreg_util.o [4]
?push_l0                  0x008233         Code  Gb  vreg_util.o [4]
?push_l1                  0x008238         Code  Gb  vreg_util.o [4]
?push_w4                  0x00821b         Code  Gb  vreg_util.o [4]
?sll16_x_x_a              0x008339         Code  Gb  short.o [4]
?w0                       0x000000         Data  Gb  vregs.o [4]
?w1                       0x000002         Data  Gb  vregs.o [4]
?w2                       0x000004         Data  Gb  vregs.o [4]
?w3                       0x000006         Data  Gb  vregs.o [4]
?w4                       0x000008         Data  Gb  vregs.o [4]
?w5                       0x00000a         Data  Gb  vregs.o [4]
ADC1_COMP_IRQHandler      0x008371    0x1  Code  Gb  stm8l15x_it.o [1]
CSTACK$$Base              0x000700          --   Gb  - Linker created -
CSTACK$$Limit             0x000800          --   Gb  - Linker created -
DMA1_CHANNEL0_1_IRQHandler
                          0x008362    0x1  Code  Gb  stm8l15x_it.o [1]
DMA1_CHANNEL2_3_IRQHandler
                          0x008363    0x1  Code  Gb  stm8l15x_it.o [1]
EXTI0_IRQHandler          0x008368    0x1  Code  Gb  stm8l15x_it.o [1]
EXTI1_IRQHandler          0x008278   0x35  Code  Gb  stm8l15x_it.o [1]
EXTI2_IRQHandler          0x008369    0x1  Code  Gb  stm8l15x_it.o [1]
EXTI3_IRQHandler          0x00836a    0x1  Code  Gb  stm8l15x_it.o [1]
EXTI4_IRQHandler          0x00836b    0x1  Code  Gb  stm8l15x_it.o [1]
EXTI5_IRQHandler          0x00836c    0x1  Code  Gb  stm8l15x_it.o [1]
EXTI6_IRQHandler          0x00836d    0x1  Code  Gb  stm8l15x_it.o [1]
EXTI7_IRQHandler          0x00836e    0x1  Code  Gb  stm8l15x_it.o [1]
EXTIB_G_IRQHandler        0x008366    0x1  Code  Gb  stm8l15x_it.o [1]
EXTID_H_IRQHandler        0x008367    0x1  Code  Gb  stm8l15x_it.o [1]
EXTIE_F_PVD_IRQHandler    0x008365    0x1  Code  Gb  stm8l15x_it.o [1]
EXTI_ClearITPendingBit    0x0082dd   0x21  Code  Gb  stm8l15x_exti.o [1]
EXTI_SetPinSensitivity    0x008080  0x10d  Code  Gb  stm8l15x_exti.o [1]
FLASH_IRQHandler          0x008361    0x1  Code  Gb  stm8l15x_it.o [1]
GPIO_Init                 0x00818d   0x8e  Code  Gb  stm8l15x_gpio.o [1]
GPIO_ReadInputDataBit     0x008348    0x7  Code  Gb  stm8l15x_gpio.o [1]
GPIO_ToggleBits           0x008341    0x7  Code  Gb  stm8l15x_gpio.o [1]
I2C1_SPI2_IRQHandler      0x00837c    0x1  Code  Gb  stm8l15x_it.o [1]
INTVEC$$Base              0x008000          --   Gb  - Linker created -
INTVEC$$Limit             0x008080          --   Gb  - Linker created -
LCD_AES_IRQHandler        0x00836f    0x1  Code  Gb  stm8l15x_it.o [1]
RTC_CSSLSE_IRQHandler     0x008364    0x1  Code  Gb  stm8l15x_it.o [1]
Region$$Table$$Base     0x00000000          --   Gb  - Linker created -
Region$$Table$$Limit    0x00000000          --   Gb  - Linker created -
SPI1_IRQHandler           0x008379    0x1  Code  Gb  stm8l15x_it.o [1]
SWITCH_CSS_BREAK_DAC_IRQHandler
                          0x008370    0x1  Code  Gb  stm8l15x_it.o [1]
TIM1_CC_IRQHandler        0x008377    0x1  Code  Gb  stm8l15x_it.o [1]
TIM1_UPD_OVF_TRG_COM_IRQHandler
                          0x008376    0x1  Code  Gb  stm8l15x_it.o [1]
TIM2_CC_USART2_RX_IRQHandler
                          0x008373    0x1  Code  Gb  stm8l15x_it.o [1]
TIM2_UPD_OVF_TRG_BRK_USART2_TX_IRQHandler
                          0x008372    0x1  Code  Gb  stm8l15x_it.o [1]
TIM3_CC_USART3_RX_IRQHandler
                          0x008375    0x1  Code  Gb  stm8l15x_it.o [1]
TIM3_UPD_OVF_TRG_BRK_USART3_TX_IRQHandler
                          0x008374    0x1  Code  Gb  stm8l15x_it.o [1]
TIM4_UPD_OVF_TRG_IRQHandler
                          0x008378    0x1  Code  Gb  stm8l15x_it.o [1]
TRAP_IRQHandler           0x008360    0x1  Code  Gb  stm8l15x_it.o [1]
USART1_RX_TIM5_CC_IRQHandler
                          0x00837b    0x1  Code  Gb  stm8l15x_it.o [1]
USART1_TX_TIM5_UPD_OVF_TRG_BRK_IRQHandler
                          0x00837a    0x1  Code  Gb  stm8l15x_it.o [1]
__DebugBreak              0x00837d    0x1  Code  Gb  __dbg_break.o [3]
__exit                    0x008312   0x14  Code  Gb  __dbg_xxexit.o [3]
__iar_data_init2          0x0082fe   0x14  Code  Gb  init.o [4]
__iar_program_start       0x008326         Code  Gb  cstartup.o [4]
__iar_unhandled_exception
                          0x00835d         Code  Gb  unhandled_exception.o [4]
__intvec                  0x008000         Data  Gb  interrupt.o [4]
__low_level_init          0x008357    0x3  Code  Gb  low_level_init.o [4]
_exit                     0x00834f         Code  Gb  cexit.o [4]
_interrupt_1              0x008360         Code  Gb  stm8l15x_it.o [1]
_interrupt_10             0x008368         Code  Gb  stm8l15x_it.o [1]
_interrupt_11             0x008278         Code  Gb  stm8l15x_it.o [1]
_interrupt_12             0x008369         Code  Gb  stm8l15x_it.o [1]
_interrupt_13             0x00836a         Code  Gb  stm8l15x_it.o [1]
_interrupt_14             0x00836b         Code  Gb  stm8l15x_it.o [1]
_interrupt_15             0x00836c         Code  Gb  stm8l15x_it.o [1]
_interrupt_16             0x00836d         Code  Gb  stm8l15x_it.o [1]
_interrupt_17             0x00836e         Code  Gb  stm8l15x_it.o [1]
_interrupt_18             0x00836f         Code  Gb  stm8l15x_it.o [1]
_interrupt_19             0x008370         Code  Gb  stm8l15x_it.o [1]
_interrupt_20             0x008371         Code  Gb  stm8l15x_it.o [1]
_interrupt_21             0x008372         Code  Gb  stm8l15x_it.o [1]
_interrupt_22             0x008373         Code  Gb  stm8l15x_it.o [1]
_interrupt_23             0x008374         Code  Gb  stm8l15x_it.o [1]
_interrupt_24             0x008375         Code  Gb  stm8l15x_it.o [1]
_interrupt_25             0x008376         Code  Gb  stm8l15x_it.o [1]
_interrupt_26             0x008377         Code  Gb  stm8l15x_it.o [1]
_interrupt_27             0x008378         Code  Gb  stm8l15x_it.o [1]
_interrupt_28             0x008379         Code  Gb  stm8l15x_it.o [1]
_interrupt_29             0x00837a         Code  Gb  stm8l15x_it.o [1]
_interrupt_3              0x008361         Code  Gb  stm8l15x_it.o [1]
_interrupt_30             0x00837b         Code  Gb  stm8l15x_it.o [1]
_interrupt_31             0x00837c         Code  Gb  stm8l15x_it.o [1]
_interrupt_4              0x008362         Code  Gb  stm8l15x_it.o [1]
_interrupt_5              0x008363         Code  Gb  stm8l15x_it.o [1]
_interrupt_6              0x008364         Code  Gb  stm8l15x_it.o [1]
_interrupt_7              0x008365         Code  Gb  stm8l15x_it.o [1]
_interrupt_8              0x008366         Code  Gb  stm8l15x_it.o [1]
_interrupt_9              0x008367         Code  Gb  stm8l15x_it.o [1]
exit                      0x00835a    0x3  Code  Gb  exit.o [4]
main                      0x0082ad   0x30  Code  Gb  main.o [1]


[1] = C:\Users\Vova\bars\dev\soft\152c6 counter\Debug\Obj
[2] = command line
[3] = dbgstm8smd.a
[4] = dlstm8smn.a

  766 bytes of readonly  code memory
  128 bytes of readonly  data memory
  268 bytes of readwrite data memory

Errors: none
Warnings: none
